create table t1_atatuservar (c varchar(20))
insert t1_atatuservar values ('row 1'), ('row 2'), ('row 3')
go
~~ROW COUNT: 3~~

create table t2_atatuservar (a int)
insert t2_atatuservar values(123)
go
~~ROW COUNT: 1~~

create table t3_atatuservar (a int)
insert t3_atatuservar values(123)
go
~~ROW COUNT: 1~~

create table t_checkident_atatuservar (a varchar(20), n int identity)
go
insert t_checkident_atatuservar values('one')
insert t_checkident_atatuservar values('two')
insert t_checkident_atatuservar values('three')
insert t_checkident_atatuservar values('four')
go
~~ROW COUNT: 1~~

~~ROW COUNT: 1~~

~~ROW COUNT: 1~~

~~ROW COUNT: 1~~

create table t1_trigger_atatuservar (a int)
go
create table t2_trigger_atatuservar (a int)
go
create table t3_trigger_atatuservar (a int)
go
create table t5_trigger_atatuservar (a int)
go
create table t6_trigger_atatuservar (a int)
go
create table t7_trigger_atatuservar (a int)
go
create table t8_trigger_atatuservar (a int)
go
create table t9_trigger_atatuservar (a int)
go
create table t10_trigger_atatuservar(a int)
go
create table t11_trigger_atatuservar(a int)
go
create table t12_trigger_atatuservar(a int)
go
create table t13_trigger_atatuservar(a int)
go
create table t14_trigger_atatuservar(a int)
go
create table t15_trigger_atatuservar(a int)
go
create table t16_trigger_atatuservar(a int)
go
create table t17_trigger_atatuservar(a int)
go
create table t18_trigger_atatuservar(a int)
go
create table t19_trigger_atatuservar(a int)
go
create table t20_trigger_atatuservar(a int)
go
create table t21_trigger_atatuservar(a int)
go
create table t22_trigger_atatuservar(a int)
go
create table t23_trigger_atatuservar(a int)
go
