SELECT * FROM ATTIMEZONE_dep_vu_prepare_v1
GO
~~START~~
datetimeoffset
2002-01-01 02:01:00.0000000 +01:00
~~END~~


SELECT * FROM ATTIMEZONE_dep_vu_prepare_v2
GO
~~ERROR (Code: 33557097)~~

~~ERROR (Message: Argument data type varchar is invalid for argument 1 of AT TIME ZONE function.)~~


EXEC ATTIMEZONE_dep_vu_prepare_p1
GO
~~START~~
datetimeoffset
9999-12-31 16:59:59.0000000 +01:00
~~END~~


EXEC ATTIMEZONE_dep_vu_prepare_p2
GO
~~ERROR (Code: 33557097)~~

~~ERROR (Message: Argument data type varchar is invalid for argument 1 of AT TIME ZONE function.)~~


SELECT ATTIMEZONE_dep_vu_prepare_f1()
GO
~~START~~
datetimeoffset
2002-01-01 02:01:00.0000000 -05:00
~~END~~


SELECT ATTIMEZONE_dep_vu_prepare_f2()
GO
~~START~~
datetimeoffset
~~ERROR (Code: 33557097)~~

~~ERROR (Message: Argument data type varchar is invalid for argument 1 of AT TIME ZONE function.)~~


Select convert(datetime2,'2002-01-01 02:01:00.000 +00:00') AT TIME ZONE 'eastern standard time';
GO
~~START~~
datetimeoffset
2002-01-01 02:01:00.0000000 -05:00
~~END~~


Select convert(datetime2,'9999-12-31 15:59:59.000 +00:00') AT TIME ZONE 'Central Europe Standard Time';
GO
~~START~~
datetimeoffset
9999-12-31 15:59:59.0000000 +01:00
~~END~~


Select convert(datetimeoffset,'2002-01-01 02:01:00.000 +00:00') AT TIME ZONE 'eastern standard time';
GO
~~START~~
datetimeoffset
2001-12-31 21:01:00.0000000 -05:00
~~END~~


Select convert(datetimeoffset,'9999-12-31 15:59:59.000 +00:00') AT TIME ZONE 'Central Europe Standard Time';
GO
~~START~~
datetimeoffset
9999-12-31 16:59:59.0000000 +01:00
~~END~~


select set_config('timezone', 'Asia/Kolkata', false);
GO
~~START~~
text
Asia/Kolkata
~~END~~


Select convert(datetime2,'2002-01-01 02:01:00.000 +00:00') AT TIME ZONE 'eastern standard time';
GO
~~START~~
datetimeoffset
2002-01-01 02:01:00.0000000 -05:00
~~END~~


Select convert(datetime2,'9999-12-31 15:59:59.000 +00:00') AT TIME ZONE 'Central Europe Standard Time';
GO
~~START~~
datetimeoffset
9999-12-31 15:59:59.0000000 +01:00
~~END~~


Select convert(datetimeoffset,'2002-01-01 02:01:00.000 +00:00') AT TIME ZONE 'eastern standard time';
GO
~~START~~
datetimeoffset
2001-12-31 21:01:00.0000000 -05:00
~~END~~


Select convert(datetimeoffset,'9999-12-31 15:59:59.000 +00:00') AT TIME ZONE 'Central Europe Standard Time';
GO
~~START~~
datetimeoffset
9999-12-31 16:59:59.0000000 +01:00
~~END~~


select set_config('timezone', 'UTC', false);
GO
~~START~~
text
UTC
~~END~~

