DROP TABLE IF EXISTS TestHash;
GO
DROP type user_defined_varbinary;
GO
DROP type user_defined_nvarchar;
GO
DROP VIEW IF EXISTS dbo.CastDemoView;
GO
DROP FUNCTION IF EXISTS dbo.CastNVarcharToVarbinary;
GO
DROP FUNCTION IF EXISTS dbo.CastVarbinaryToNVarchar;
GO
DROP FUNCTION IF EXISTS dbo.HashMultipleTypes;
GO
DROP PROCEDURE IF EXISTS dbo.PrintHashResults;
GO
DROP VIEW IF EXISTS dbo.HashDemoView;
GO

