DROP VIEW date_part_vu_prepare_view
GO

DROP FUNCTION date_part_vu_prepare_func
GO

DROP FUNCTION ISOWeek_3101
GO

DROP PROCEDURE date_part_vu_prepare_proc
GO

DROP VIEW date_part_vu_prepare_sys_day_view
GO

DROP FUNCTION date_part_vu_prepare_sys_day_func
GO

DROP PROCEDURE date_part_vu_prepare_sys_day_proc
GO

DROP TABLE date_part_vu_prepare_TestDates, date_part_vu_prepare_TestTimezones, date_part_vu_prepare_TestResults, date_part_vu_prepare_DateParts;
GO
