drop function f2_declare_atatglobalvars
go
drop procedure p2_declare_atatglobalvars
go
drop procedure p3_declare_atatglobalvars
go
drop table t1_declare_atatglobalvars
go
drop type tt_declare_atatglobalvars
go
