drop table t1_empty_dq_string
go
drop table t2_empty_dq_string
go
drop table t3_empty_dq_string
go
drop table t4_empty_dq_string
go
drop table t5_empty_dq_string
go
drop table t6_empty_dq_string
go
drop table t7_empty_dq_string
go
drop procedure p1_empty_dq_string
go
drop function f1_empty_dq_string
go
drop procedure p2_empty_dq_string
go
drop function f2_empty_dq_string
go
drop procedure p2a_empty_dq_string
go
drop function f2a_empty_dq_string
go
drop procedure p2b_empty_dq_string
go
drop procedure p3_empty_dq_string
go
drop procedure p4_empty_dq_string
go
drop function f4_empty_dq_string
go
drop procedure p5_empty_dq_string
go
drop function f5_empty_dq_string
go
drop procedure p6_empty_dq_string
go
drop procedure p7_empty_dq_string
go
drop procedure p7a_empty_dq_string
go
drop procedure p7b_empty_dq_string
go
drop function f7b_empty_dq_string
go
drop procedure p7c_empty_dq_string
go
set quoted_identifier on
go
drop table "t8_empty_dq_string"
go
drop procedure "p8_empty_dq_string"
go
drop function "f8_empty_dq_string"
go
