use master
go
drop table t1_exec_sp_in_udf
go
drop table t2_exec_sp_in_udf
go
drop procedure sp_myproc
go
drop procedure p1_exec_sp_in_udf
go
drop function f1_exec_sp_in_udf
go
drop function f2_exec_sp_in_udf
go
drop function f3_exec_sp_in_udf
go
drop function f4_exec_sp_in_udf
go
drop function f5_exec_sp_in_udf
go
drop function f6_exec_sp_in_udf
go
drop function f6a_exec_sp_in_udf
go
drop function f7_exec_sp_in_udf
go
drop function f8_exec_sp_in_udf
go
drop function f9_exec_sp_in_udf
go
drop function f_scalar_exec_sp_in_udf
go
drop function f_tvf_exec_sp_in_udf
go
drop function f_itvf_exec_sp_in_udf
go
use tempdb
go
drop procedure p_tempdb_exec_sp_in_udf
go
use master
go
