-- tsql
CREATE TABLE babel_4836_replace_t1(a NCHAR(50), b NCHAR(20), c NCHAR(20))
GO
INSERT INTO babel_4836_replace_t1 VALUES(N'  abcðŸ™‚defghiðŸ™‚ðŸ™‚    ', N'ðŸ™‚de', N'xðŸ™‚y')
INSERT INTO babel_4836_replace_t1 VALUES(N'  æ¯”å°”Â·æ‹‰èŽ«æ–¯    ', N'æ‹‰èŽ«', N'å°”Â·æ¯”')
GO
~~ROW COUNT: 1~~

~~ROW COUNT: 1~~


CREATE TABLE babel_4836_replace_t2(a NVARCHAR(50), b NVARCHAR(20), c NVARCHAR(20))
GO
INSERT INTO babel_4836_replace_t2 VALUES(N'  abcðŸ™‚defghiðŸ™‚ðŸ™‚    ', N'ðŸ™‚de', N'xðŸ™‚y')
GO
~~ROW COUNT: 1~~


CREATE TABLE babel_4836_replace_t3(a VARCHAR(50), b VARCHAR(20), c VARCHAR(20))
GO
INSERT INTO babel_4836_replace_t3 VALUES('  abcðŸ™‚defghiðŸ™‚ðŸ™‚    ', 'ðŸ™‚de', 'xðŸ™‚y')
GO
~~ROW COUNT: 1~~


CREATE TABLE babel_4836_replace_t4(a BINARY(50), b BINARY(20), c BINARY(20))
GO
INSERT INTO babel_4836_replace_t4 VALUES(0x6162636465, 0x6263, 0x747576)
GO
~~ROW COUNT: 1~~


CREATE TABLE babel_4836_replace_t5(a VARBINARY(50), b VARBINARY(20), c VARBINARY(20))
GO
INSERT INTO babel_4836_replace_t5 VALUES(0x6162636465, 0x6263, 0x747576)
GO
~~ROW COUNT: 1~~


CREATE TABLE babel_4836_replace_chinese_prc_ci_as(a VARCHAR(50) COLLATE CHINESE_PRC_CI_AS, b VARCHAR(20) COLLATE CHINESE_PRC_CI_AS, c VARCHAR(20) COLLATE CHINESE_PRC_CI_AS)
GO
INSERT INTO babel_4836_replace_chinese_prc_ci_as VALUES(N'  æ¯”å°”Â·æ‹‰èŽ«æ–¯    ', N'æ‹‰èŽ«', N'å°”Â·æ¯”')
GO
~~ROW COUNT: 1~~


CREATE TABLE babel_4836_replace_chinese_prc_cs_as(a VARCHAR(50) COLLATE CHINESE_PRC_CS_AS, b VARCHAR(20) COLLATE CHINESE_PRC_CS_AS, c VARCHAR(20) COLLATE CHINESE_PRC_CS_AS)
GO
INSERT INTO babel_4836_replace_chinese_prc_cs_as VALUES(N'  æ¯”å°”Â·æ‹‰èŽ«æ–¯    ', N'æ‹‰èŽ«', N'å°”Â·æ¯”')
GO
~~ROW COUNT: 1~~


CREATE TABLE babel_4836_replace_arabic_ci_as(a VARCHAR(50) COLLATE ARABIC_CI_AS, b VARCHAR(20) COLLATE ARABIC_CI_AS, c VARCHAR(20) COLLATE ARABIC_CI_AS)
GO
INSERT INTO babel_4836_replace_arabic_ci_as VALUES(N'  Ø§Ù„Ù„Ù‡ Ù…Ø¹ Ø§Ù„Ù…ØªÙ‚ÙŠÙ†    ', N'ÙŠÙ†', N'Ù…Ø¹')
GO
~~ROW COUNT: 1~~


CREATE TABLE babel_4836_replace_arabic_cs_as(a VARCHAR(50) COLLATE ARABIC_CS_AS, b VARCHAR(20) COLLATE ARABIC_CS_AS, c VARCHAR(20) COLLATE ARABIC_CS_AS)
GO
INSERT INTO babel_4836_replace_arabic_cs_as VALUES(N'  Ø§Ù„Ù„Ù‡ Ù…Ø¹ Ø§Ù„Ù…ØªÙ‚ÙŠÙ†    ', N'ÙŠÙ†', N'Ù…Ø¹')
GO
~~ROW COUNT: 1~~


CREATE TABLE babel_4836_replace_image(a IMAGE)
GO
INSERT INTO babel_4836_replace_image values(CAST ('6F9619FF-8B86-D011-B42D-00C04FC964FF' AS image))
GO
~~ROW COUNT: 1~~


CREATE TABLE babel_4836_replace_text(a TEXT, b TEXT, c TEXT)
GO
INSERT INTO babel_4836_replace_text VALUES (N'  abcðŸ™‚defghiðŸ™‚ðŸ™‚    ', N'ðŸ™‚def', N'jhiðŸ™‚')
GO
~~ROW COUNT: 1~~


CREATE TABLE babel_4836_replace_ntext(a NTEXT, b NTEXT, c NTEXT)
GO
INSERT INTO babel_4836_replace_ntext VALUES (N'  abcðŸ™‚defghiðŸ™‚ðŸ™‚    ', N'ðŸ™‚def', N'jhiðŸ™‚')
GO
~~ROW COUNT: 1~~


CREATE TYPE dbo.babel_4836_replace_imageUDT FROM image;
GO

CREATE TYPE dbo.babel_4836_replace_varUDT FROM varchar(50);
GO

CREATE TABLE babel_4836_replace_image_UDT_t(a dbo.babel_4836_replace_imageUDT, b dbo.babel_4836_replace_imageUDT, c dbo.babel_4836_replace_imageUDT)
GO
INSERT INTO babel_4836_replace_image_UDT_t VALUES(CAST('abcdef' as dbo.babel_4836_replace_imageUDT), CAST('bc' as dbo.babel_4836_replace_imageUDT), CAST('gh' as dbo.babel_4836_replace_imageUDT))
GO
~~ROW COUNT: 1~~


CREATE TABLE babel_4836_replace_var_UDT_t(a dbo.babel_4836_replace_imageUDT, b dbo.babel_4836_replace_varUDT, c dbo.babel_4836_replace_varUDT)
GO
INSERT INTO babel_4836_replace_var_UDT_t VALUES(CAST('abcdef' as dbo.babel_4836_replace_imageUDT), CAST('bc' as dbo.babel_4836_replace_varUDT), CAST('gh' as dbo.babel_4836_replace_varUDT))
GO
~~ROW COUNT: 1~~


CREATE VIEW babel_4836_replace_dep_view AS
    SELECT replace(a, b, c) as result FROM babel_4836_replace_t2
GO

CREATE VIEW babel_4836_replace_dep_view1 AS
    SELECT replace(a, b, c) as result FROM babel_4836_replace_t3
GO

CREATE PROCEDURE babel_4836_replace_dep_proc AS
    SELECT replace(a, b, c) as result FROM babel_4836_replace_t2
GO

CREATE FUNCTION babel_4836_replace_dep_func()
RETURNS NVARCHAR(50)
AS
BEGIN
RETURN (SELECT TOP 1 replace(a, b, c) FROM babel_4836_replace_t2)
END
GO

CREATE FUNCTION babel_4836_replace_itvf_func()
RETURNS TABLE
AS
RETURN (SELECT replace(a, b, c) as result FROM babel_4836_replace_t2)
GO

-- psql
CREATE TABLE master_dbo.babel_4836_replace_psql_t1(a CHAR(50), b CHAR(20), c CHAR(20))
GO

INSERT INTO master_dbo.babel_4836_replace_psql_t1 VALUES ('abcdefghi', 'def', 'pqr')
GO
~~ROW COUNT: 1~~


GRANT SELECT ON master_dbo.babel_4836_replace_psql_t1 TO master_dbo;
GO

CREATE TABLE master_dbo.babel_4836_replace_psql_t2(a BPCHAR(50), b BPCHAR(20), c BPCHAR(20))
GO

INSERT INTO master_dbo.babel_4836_replace_psql_t2 VALUES ('abcdefghi', 'def', 'pqr')
GO
~~ROW COUNT: 1~~


GRANT SELECT ON master_dbo.babel_4836_replace_psql_t2 TO master_dbo;
GO

CREATE TABLE master_dbo.babel_4836_replace_psql_t3(a CHARACTER(50), b CHARACTER(20), c CHARACTER(20))
GO

INSERT INTO master_dbo.babel_4836_replace_psql_t3 VALUES ('abcdefghi', 'def', 'pqr')
GO
~~ROW COUNT: 1~~


GRANT SELECT ON master_dbo.babel_4836_replace_psql_t3 TO master_dbo;
GO

CREATE TABLE master_dbo.babel_4836_replace_psql_t4(a VARCHAR(50), b VARCHAR(20), c VARCHAR(20))
GO

INSERT INTO master_dbo.babel_4836_replace_psql_t4 VALUES ('abcdefghi', 'def', 'pqr')
GO
~~ROW COUNT: 1~~


GRANT SELECT ON master_dbo.babel_4836_replace_psql_t4 TO master_dbo;
GO

CREATE TABLE master_dbo.babel_4836_replace_psql_t5(a character varying(50), b character varying(20), c character varying(20))
GO

INSERT INTO master_dbo.babel_4836_replace_psql_t5 VALUES ('abcdefghi', 'def', 'pqr')
GO
~~ROW COUNT: 1~~


GRANT SELECT ON master_dbo.babel_4836_replace_psql_t5 TO master_dbo;
GO

CREATE TABLE master_dbo.babel_4836_replace_psql_t6(a INTEGER, b INTEGER, c INTEGER)
GO

INSERT INTO master_dbo.babel_4836_replace_psql_t6 VALUES (12345678, 34, 99)
GO
~~ROW COUNT: 1~~


GRANT SELECT ON master_dbo.babel_4836_replace_psql_t6 TO master_dbo;
GO

CREATE TABLE master_dbo.babel_4836_replace_psql_t7(a BIGINT, b BIGINT, c BIGINT)
GO

INSERT INTO master_dbo.babel_4836_replace_psql_t7 VALUES (12345678, 34, 99)
GO
~~ROW COUNT: 1~~


GRANT SELECT ON master_dbo.babel_4836_replace_psql_t7 TO master_dbo;
GO

CREATE TABLE master_dbo.babel_4836_replace_psql_t8(a MONEY, b MONEY, c MONEY)
GO

INSERT INTO master_dbo.babel_4836_replace_psql_t8 VALUES (123456, 34, 99)
GO
~~ROW COUNT: 1~~


GRANT SELECT ON master_dbo.babel_4836_replace_psql_t8 TO master_dbo;
GO

CREATE TABLE master_dbo.babel_4836_replace_psql_t9(a BYTEA, b BYTEA, c BYTEA)
GO

INSERT INTO master_dbo.babel_4836_replace_psql_t9 VALUES ('\x656667686970'::bytea, '\x6768'::bytea, '\x7172'::bytea)
GO
~~ROW COUNT: 1~~


GRANT SELECT ON master_dbo.babel_4836_replace_psql_t9 TO master_dbo;
GO

CREATE TABLE master_dbo.babel_4836_replace_psql_t10(a TIMESTAMP, b TIMESTAMP, c TIMESTAMP)
GO

INSERT INTO master_dbo.babel_4836_replace_psql_t10 VALUES ('12-21-16', '12-21-16', '14-22-12')
GO
~~ERROR (Code: 0)~~

~~ERROR (Message: ERROR: date/time field value out of range: "14-22-12"
  Hint: Perhaps you need a different "datestyle" setting.
  Position: 84
    Server SQLState: 22008)~~


GRANT SELECT ON master_dbo.babel_4836_replace_psql_t10 TO master_dbo;
GO

CREATE TABLE master_dbo.babel_4836_replace_psql_t11(a DATE, b DATE, c DATE)
GO

INSERT INTO master_dbo.babel_4836_replace_psql_t11 VALUES ('12-21-16', '12-21-16', '14-22-12')
GO
~~ERROR (Code: 0)~~

~~ERROR (Message: ERROR: date/time field value out of range: "14-22-12"
  Hint: Perhaps you need a different "datestyle" setting.
  Position: 84
    Server SQLState: 22008)~~


GRANT SELECT ON master_dbo.babel_4836_replace_psql_t11 TO master_dbo;
GO

CREATE TABLE master_dbo.babel_4836_replace_psql_t12(a BOOLEAN, b BOOLEAN, c BOOLEAN)
GO

INSERT INTO master_dbo.babel_4836_replace_psql_t12 VALUES (TRUE, FALSE, TRUE)
GO
~~ROW COUNT: 1~~


GRANT SELECT ON master_dbo.babel_4836_replace_psql_t12 TO master_dbo;
GO

CREATE TABLE master_dbo.babel_4836_replace_psql_t13(a BIT(3), b BIT(3), c BIT(3))
GO

INSERT INTO master_dbo.babel_4836_replace_psql_t13 VALUES (B'101', B'101', B'101')
GO
~~ROW COUNT: 1~~


GRANT SELECT ON master_dbo.babel_4836_replace_psql_t13 TO master_dbo;
GO

CREATE TABLE master_dbo.babel_4836_replace_psql_t14(a BIT VARYING(3), b BIT VARYING(3), c BIT VARYING(3))
GO

INSERT INTO master_dbo.babel_4836_replace_psql_t14 VALUES (B'101', B'101', B'101')
GO
~~ROW COUNT: 1~~


GRANT SELECT ON master_dbo.babel_4836_replace_psql_t14 TO master_dbo;
GO
