DROP TABLE dbo.babel_4489_right_psql_t1
GO

DROP TABLE dbo.babel_4489_right_psql_t2
GO

DROP TABLE dbo.babel_4489_right_psql_t3
GO

DROP TABLE dbo.babel_4489_right_psql_t4
GO

DROP TABLE dbo.babel_4489_right_psql_t5
GO

DROP TABLE dbo.babel_4489_right_psql_t6
GO

DROP TABLE dbo.babel_4489_right_psql_t7
GO

DROP TABLE dbo.babel_4489_right_psql_t8
GO

DROP TABLE dbo.babel_4489_right_psql_t9
GO

DROP TABLE dbo.babel_4489_right_psql_t10
GO

DROP TABLE dbo.babel_4489_right_psql_t11
GO

DROP TABLE dbo.babel_4489_right_psql_t12
GO

DROP TABLE dbo.babel_4489_right_psql_t13
GO

DROP TABLE dbo.babel_4489_right_psql_t14
GO

DROP FUNCTION babel_4489_right_itvf_func
GO

DROP FUNCTION babel_4489_right_dep_func
GO

DROP PROCEDURE babel_4489_right_dep_proc
GO

DROP VIEW babel_4489_right_dep_view
GO

DROP TABLE babel_4489_right_UDT
GO

DROP VIEW babel_4489_right_dep_view_1
GO

DROP VIEW babel_4489_right_dep_view_2
GO

DROP VIEW babel_4489_right_dep_view_3
GO

DROP VIEW babel_4489_right_dep_view_4
GO

DROP VIEW babel_4489_right_dep_view_5
GO

DROP VIEW babel_4489_right_dep_view_6
GO

DROP VIEW babel_4489_right_dep_view_7
GO

DROP TYPE dbo.babel_4489_right_varUDT
GO

DROP TYPE dbo.babel_4489_right_imageUDT
GO

DROP TABLE babel_4489_right_text
GO

DROP TABLE babel_4489_right_image
GO

DROP TABLE babel_4489_right_arabic_ci_ai
GO

DROP TABLE babel_4489_right_arabic_cs_as
GO

DROP TABLE babel_4489_right_arabic_ci_as
GO

DROP TABLE babel_4489_right_chinese_prc_ci_ai
GO

DROP TABLE babel_4489_right_chinese_prc_cs_as
GO

DROP TABLE babel_4489_right_chinese_prc_ci_as
GO

DROP TABLE babel_4489_right_t5
GO

DROP TABLE babel_4489_right_t4
GO

DROP TABLE babel_4489_right_t3
GO

DROP TABLE babel_4489_right_t2
GO

DROP TABLE babel_4489_right_t1
GO
