DROP PROCEDURE test_smalldatetime_date_p1;
GO

DROP PROCEDURE test_smalldatetime_date_p2;
GO

DROP PROCEDURE test_smalldatetime_date_p3;
GO

DROP PROCEDURE test_smalldatetime_date_p4;
GO

DROP PROCEDURE test_smalldatetime_date_p5;
GO

DROP PROCEDURE test_smalldatetime_date_p6;
GO

DROP PROCEDURE test_smalldatetime_date_p7;
GO

DROP PROCEDURE test_smalldatetime_date_p8;
GO

DROP PROCEDURE test_smalldatetime_date_p9;
GO

DROP PROCEDURE test_smalldatetime_date_p10;
GO

DROP PROCEDURE test_smalldatetime_date_p11;
GO

DROP PROCEDURE test_smalldatetime_date_p12;
GO

DROP PROCEDURE test_smalldatetime_date_p13;
GO

DROP PROCEDURE test_smalldatetime_date_p14;
GO

DROP PROCEDURE test_smalldatetime_date_p15;
GO

DROP PROCEDURE test_smalldatetime_date_p16;
GO

DROP PROCEDURE test_smalldatetime_date_p17;
GO

DROP PROCEDURE test_smalldatetime_date_p18;
GO

DROP PROCEDURE test_smalldatetime_date_p19;
GO

DROP PROCEDURE test_smalldatetime_date_p20;
GO

DROP VIEW test_smalldatetime_date_v1;
GO

DROP VIEW test_smalldatetime_date_v2;
GO

DROP VIEW test_smalldatetime_date_v3;
GO

DROP VIEW test_smalldatetime_date_v4;
GO

DROP VIEW test_smalldatetime_date_v5;
GO

DROP VIEW test_smalldatetime_date_v6;
GO

DROP VIEW test_smalldatetime_date_v7;
GO

DROP VIEW test_smalldatetime_date_v8;
GO

DROP VIEW test_smalldatetime_date_v9;
GO

DROP VIEW test_smalldatetime_date_v10;
GO

DROP VIEW test_smalldatetime_date_v11;
GO

DROP VIEW test_smalldatetime_date_v12;
GO

DROP VIEW test_smalldatetime_date_v13;
GO

DROP VIEW test_smalldatetime_date_v14;
GO

DROP VIEW test_smalldatetime_date_v15;
GO

DROP VIEW test_smalldatetime_date_v16;
GO

DROP VIEW test_smalldatetime_date_v17;
GO

DROP VIEW test_smalldatetime_date_v18;
GO

DROP VIEW test_smalldatetime_date_v19;
GO

DROP VIEW test_smalldatetime_date_v20;
GO

DROP INDEX smalldate_date_cmp_ind1 on smalldate_date_cmp_t1;
GO

DROP TABLE smalldate_date_cmp_t1;
GO

-- tests for index on date column
DROP PROCEDURE test_date_smalldatetime_p1;
GO

DROP PROCEDURE test_date_smalldatetime_p2;
GO

DROP PROCEDURE test_date_smalldatetime_p3;
GO

DROP PROCEDURE test_date_smalldatetime_p4;
GO

DROP PROCEDURE test_date_smalldatetime_p5;
GO

DROP PROCEDURE test_date_smalldatetime_p6;
GO

DROP PROCEDURE test_date_smalldatetime_p7;
GO

DROP PROCEDURE test_date_smalldatetime_p8;
GO

DROP PROCEDURE test_date_smalldatetime_p9;
GO

DROP PROCEDURE test_date_smalldatetime_p10;
GO

DROP PROCEDURE test_date_smalldatetime_p11;
GO

DROP PROCEDURE test_date_smalldatetime_p12;
GO

DROP PROCEDURE test_date_smalldatetime_p13;
GO

DROP PROCEDURE test_date_smalldatetime_p15;
GO

DROP PROCEDURE test_date_smalldatetime_p16;
GO

DROP PROCEDURE test_date_smalldatetime_p17;
GO

DROP PROCEDURE test_date_smalldatetime_p18;
GO

DROP PROCEDURE test_date_smalldatetime_p19;
GO

DROP PROCEDURE test_date_smalldatetime_p20;
GO

DROP VIEW test_date_smalldatetime_v1;
GO

DROP VIEW test_date_smalldatetime_v2;
GO

DROP VIEW test_date_smalldatetime_v3;
GO

DROP VIEW test_date_smalldatetime_v4;
GO

DROP VIEW test_date_smalldatetime_v5;
GO

DROP VIEW test_date_smalldatetime_v6;
GO

DROP VIEW test_date_smalldatetime_v7;
GO

DROP VIEW test_date_smalldatetime_v8;
GO

DROP VIEW test_date_smalldatetime_v9;
GO

DROP VIEW test_date_smalldatetime_v10;
GO

DROP VIEW test_date_smalldatetime_v11;
GO

DROP VIEW test_date_smalldatetime_v12;
GO

DROP VIEW test_date_smalldatetime_v13;
GO

DROP VIEW test_date_smalldatetime_v15;
GO

DROP VIEW test_date_smalldatetime_v16;
GO

DROP VIEW test_date_smalldatetime_v17;
GO

DROP VIEW test_date_smalldatetime_v18;
GO

DROP VIEW test_date_smalldatetime_v19;
GO

DROP VIEW test_date_smalldatetime_v20;
GO

DROP INDEX date_smalldatetime_cmp_ind1 on date_smalldatetime_cmp_t1;
GO

DROP TABLE date_smalldatetime_cmp_t1;
GO
