-- client tests
select substring(cast('rohit' as pg_catalog.char(5)), 1, 3)
go
~~START~~
varchar
roh
~~END~~


select top 5 substring(type, 1, 1) from sys.all_objects
go
~~START~~
varchar
U
U
U
U
U
~~END~~


-- NULL
SELECT substring(NULL, 2, 1)
GO
~~ERROR (Code: 33557097)~~

~~ERROR (Message: Argument data type NULL is invalid for argument 1 of substring function)~~


SELECT substring(CAST(NULL AS int), 2, 1)
GO
~~START~~
varchar
<NULL>
~~END~~


SELECT substring(CAST(NULL AS varbinary), 2, 1)
GO
~~START~~
varbinary
<NULL>
~~END~~


SELECT substring(CAST(NULL AS decimal), 2, 1)
GO
~~START~~
varchar
<NULL>
~~END~~


SELECT substring('abc', NULL, 1)
GO
~~START~~
varchar
<NULL>
~~END~~


SELECT substring('abc', CAST(NULL AS text), 1)
GO
~~START~~
varchar
<NULL>
~~END~~


SELECT substring('abc', CAST(NULL AS varchar), 1)
GO
~~START~~
varchar
<NULL>
~~END~~


SELECT substring('abc', CAST(NULL AS int), 1)
GO
~~START~~
varchar
<NULL>
~~END~~


SELECT substring('abc', 2, NULL)
GO
~~START~~
varchar
<NULL>
~~END~~


SELECT substring('abc', 2, CAST(NULL AS text))
GO
~~START~~
varchar
<NULL>
~~END~~


SELECT substring('abc', 2, CAST(NULL AS varchar))
GO
~~START~~
varchar
<NULL>
~~END~~


SELECT substring('abc', 2, CAST(NULL AS int))
GO
~~START~~
varchar
<NULL>
~~END~~


SELECT substring(NULL, 2, NULL)
GO
~~ERROR (Code: 33557097)~~

~~ERROR (Message: Argument data type NULL is invalid for argument 1 of substring function)~~


SELECT substring('abc', NULL, NULL)
GO
~~START~~
varchar
<NULL>
~~END~~


SELECT substring(NULL, NULL, 1)
GO
~~ERROR (Code: 33557097)~~

~~ERROR (Message: Argument data type NULL is invalid for argument 1 of substring function)~~


SELECT substring(NULL, NULL, NULL)
GO
~~ERROR (Code: 33557097)~~

~~ERROR (Message: Argument data type NULL is invalid for argument 1 of substring function)~~


-- Different no. of arguments
SELECT substring('abc', 1)
GO
~~ERROR (Code: 33557097)~~

~~ERROR (Message: "a" is not a valid binary digit)~~


SELECT substring('abc', 1, 1, 1)
GO
~~ERROR (Code: 33557097)~~

~~ERROR (Message: The substring function requires 2 to 3 arguments)~~


-- edge case values for second parameter
SELECT substring('AbdefGhi', 0, 1)
GO
~~START~~
varchar

~~END~~


SELECT '|' + substring('AbdefGhi', -1, 1) + '|'
GO
~~START~~
varchar
||
~~END~~


SELECT substring('AbdefGhi', 1, 1)
GO
~~START~~
varchar
A
~~END~~


SELECT substring('AbdefGhi', 8, 1)
GO
~~START~~
varchar
i
~~END~~


SELECT substring('AbdefGhi', 9, 1)
GO
~~START~~
varchar

~~END~~


SELECT substring('AbdefGhi', 2147483648, 1)
GO
~~ERROR (Code: 8115)~~

~~ERROR (Message: integer out of range)~~


-- edge case values for third parameter
SELECT substring('AbdefGhi', 1, 0)
GO
~~START~~
varchar

~~END~~


SELECT substring('AbdefGhi', 8, 0)
GO
~~START~~
varchar

~~END~~


SELECT substring('AbdefGhi', 1, -1)
GO
~~ERROR (Code: 33557097)~~

~~ERROR (Message: negative substring length not allowed)~~


SELECT substring('AbdefGhi', 8, -1)
GO
~~ERROR (Code: 33557097)~~

~~ERROR (Message: negative substring length not allowed)~~


SELECT substring('AbdefGhi', 2, 9)
GO
~~START~~
varchar
bdefGhi
~~END~~


SELECT substring('AbdefGhi', 2, 2147483648)
GO
~~ERROR (Code: 8115)~~

~~ERROR (Message: integer out of range)~~


-- input type char
DECLARE @inputString CHAR(25) = 'abcðŸ™‚defghiðŸ™‚ðŸ™‚'
SELECT substring(@inputString, 4, 2)
GO
~~START~~
varchar
?d
~~END~~

DECLARE @inputString CHAR(25) = 'abcðŸ™‚defghiðŸ™‚ðŸ™‚'
SELECT substring(@inputString, 0, 1)
GO
~~START~~
varchar

~~END~~

DECLARE @inputString CHAR(25) = 'abcðŸ™‚defghiðŸ™‚ðŸ™‚'
SELECT substring(@inputString, 13, 1)
GO
~~START~~
varchar
 
~~END~~

DECLARE @inputString CHAR(25) = 'abcðŸ™‚defghiðŸ™‚ðŸ™‚'
SELECT substring(@inputString, 2, -1)
GO
~~ERROR (Code: 33557097)~~

~~ERROR (Message: negative substring length not allowed)~~

DECLARE @inputString CHAR(25) = 'abcðŸ™‚defghiðŸ™‚ðŸ™‚'
SELECT substring(@inputString, 2, 15)
GO
~~START~~
varchar
bc?defghi??    
~~END~~


DECLARE @inputString CHAR(25) = 'æ¯”å°”Â·æ‹‰èŽ«æ–¯'
SELECT substring(@inputString, 4, 2)
GO
~~START~~
varchar
??
~~END~~

DECLARE @inputString CHAR(25) = 'æ¯”å°”Â·æ‹‰èŽ«æ–¯'
SELECT substring(@inputString, 0, 1)
GO
~~START~~
varchar

~~END~~

DECLARE @inputString CHAR(25) = 'æ¯”å°”Â·æ‹‰èŽ«æ–¯'
SELECT substring(@inputString, 13, 1)
GO
~~START~~
varchar
 
~~END~~

DECLARE @inputString CHAR(25) = 'æ¯”å°”Â·æ‹‰èŽ«æ–¯'
SELECT substring(@inputString, 2, -1)
GO
~~ERROR (Code: 33557097)~~

~~ERROR (Message: negative substring length not allowed)~~

DECLARE @inputString CHAR(25) = 'æ¯”å°”Â·æ‹‰èŽ«æ–¯'
SELECT substring(@inputString, 2, 15)
GO
~~START~~
varchar
?Â·???          
~~END~~


DECLARE @inputString CHAR(25) = 'æ¯”å°”Â·æ‹‰èŽ«æ–¯'
SELECT substring(@inputString, 4, 2) COLLATE CHINESE_PRC_CI_AS
GO
~~START~~
varchar
??
~~END~~

DECLARE @inputString CHAR(25) = 'æ¯”å°”Â·æ‹‰èŽ«æ–¯'
SELECT substring(@inputString, 0, 1) COLLATE CHINESE_PRC_CI_AS
GO
~~START~~
varchar

~~END~~

DECLARE @inputString CHAR(25) = 'æ¯”å°”Â·æ‹‰èŽ«æ–¯'
SELECT substring(@inputString, 13, 1) COLLATE CHINESE_PRC_CI_AS
GO
~~START~~
varchar
 
~~END~~

DECLARE @inputString CHAR(25) = 'æ¯”å°”Â·æ‹‰èŽ«æ–¯'
SELECT substring(@inputString, 2, -1) COLLATE CHINESE_PRC_CI_AS
GO
~~ERROR (Code: 33557097)~~

~~ERROR (Message: negative substring length not allowed)~~

DECLARE @inputString CHAR(25) = 'æ¯”å°”Â·æ‹‰èŽ«æ–¯'
SELECT substring(@inputString, 2, 15) COLLATE CHINESE_PRC_CI_AS
GO
~~START~~
varchar
?Â·???          
~~END~~


-- input type varchar
DECLARE @inputString VARCHAR(25) = 'abcðŸ™‚defghiðŸ™‚ðŸ™‚'
SELECT substring(@inputString, 4, 2)
GO
~~START~~
varchar
?d
~~END~~

DECLARE @inputString VARCHAR(25) = 'abcðŸ™‚defghiðŸ™‚ðŸ™‚'
SELECT substring(@inputString, 0, 1)
GO
~~START~~
varchar

~~END~~

DECLARE @inputString VARCHAR(25) = 'abcðŸ™‚defghiðŸ™‚ðŸ™‚'
SELECT substring(@inputString, 13, 1)
GO
~~START~~
varchar

~~END~~

DECLARE @inputString VARCHAR(25) = 'abcðŸ™‚defghiðŸ™‚ðŸ™‚'
SELECT substring(@inputString, 2, -1)
GO
~~ERROR (Code: 33557097)~~

~~ERROR (Message: negative substring length not allowed)~~

DECLARE @inputString VARCHAR(25) = 'abcðŸ™‚defghiðŸ™‚ðŸ™‚'
SELECT substring(@inputString, 2, 15)
GO
~~START~~
varchar
bc?defghi??
~~END~~


DECLARE @inputString VARCHAR(25) = 'æ¯”å°”Â·æ‹‰èŽ«æ–¯'
SELECT substring(@inputString, 4, 2)
GO
~~START~~
varchar
??
~~END~~

DECLARE @inputString VARCHAR(25) = 'æ¯”å°”Â·æ‹‰èŽ«æ–¯'
SELECT substring(@inputString, 0, 1)
GO
~~START~~
varchar

~~END~~

DECLARE @inputString VARCHAR(25) = 'æ¯”å°”Â·æ‹‰èŽ«æ–¯'
SELECT substring(@inputString, 13, 1)
GO
~~START~~
varchar

~~END~~

DECLARE @inputString VARCHAR(25) = 'æ¯”å°”Â·æ‹‰èŽ«æ–¯'
SELECT substring(@inputString, 2, -1)
GO
~~ERROR (Code: 33557097)~~

~~ERROR (Message: negative substring length not allowed)~~

DECLARE @inputString VARCHAR(25) = 'æ¯”å°”Â·æ‹‰èŽ«æ–¯'
SELECT substring(@inputString, 2, 15)
GO
~~START~~
varchar
?Â·???
~~END~~


DECLARE @inputString VARCHAR(25) = 'æ¯”å°”Â·æ‹‰èŽ«æ–¯'
SELECT substring(@inputString, 4, 2) COLLATE CHINESE_PRC_CI_AS
GO
~~START~~
varchar
æ‹‰èŽ«
~~END~~

DECLARE @inputString VARCHAR(25) = 'æ¯”å°”Â·æ‹‰èŽ«æ–¯'
SELECT substring(@inputString, 0, 1) COLLATE CHINESE_PRC_CI_AS
GO
~~START~~
varchar

~~END~~

DECLARE @inputString VARCHAR(25) = 'æ¯”å°”Â·æ‹‰èŽ«æ–¯'
SELECT substring(@inputString, 13, 1) COLLATE CHINESE_PRC_CI_AS
GO
~~START~~
varchar

~~END~~

DECLARE @inputString VARCHAR(25) = 'æ¯”å°”Â·æ‹‰èŽ«æ–¯'
SELECT substring(@inputString, 2, -1) COLLATE CHINESE_PRC_CI_AS
GO
~~ERROR (Code: 33557097)~~

~~ERROR (Message: negative substring length not allowed)~~

DECLARE @inputString VARCHAR(25) = 'æ¯”å°”Â·æ‹‰èŽ«æ–¯' 
SELECT substring(@inputString, 2, 15) COLLATE CHINESE_PRC_CI_AS
GO
~~START~~
varchar
å°”Â·æ‹‰èŽ«æ–¯
~~END~~


-- with table column of type varchar with collation chinese_prc_ci_as
SELECT substring(a, 4, 2) FROM babel_3658_substring_chinese_prc_ci_as
GO
~~START~~
varchar
æ‹‰èŽ«
~~END~~


SELECT substring(a, 4, 2) COLLATE CHINESE_PRC_CI_AS FROM babel_3658_substring_chinese_prc_ci_as
GO
~~START~~
varchar
æ‹‰èŽ«
~~END~~


-- with table column of type varchar with collation chinese_prc_cs_as
SELECT substring(a, 4, 2) FROM babel_3658_substring_chinese_prc_cs_as
GO
~~START~~
varchar
æ‹‰èŽ«
~~END~~


SELECT substring(a, 4, 2) COLLATE CHINESE_PRC_CS_AS FROM babel_3658_substring_chinese_prc_cs_as
GO
~~START~~
varchar
æ‹‰èŽ«
~~END~~


-- with table column of type varchar with collation chinese_prc_ci_ai
SELECT substring(a, 4, 2) FROM babel_3658_substring_chinese_prc_ci_ai
GO
~~START~~
varchar
æ‹‰èŽ«
~~END~~


SELECT substring(a, 4, 2) COLLATE CHINESE_PRC_CI_AI FROM babel_3658_substring_chinese_prc_ci_ai
GO
~~START~~
varchar
æ‹‰èŽ«
~~END~~


-- with table column of type varchar with collation arabic_prc_ci_as
SELECT substring(a, 4, 2) FROM babel_3658_substring_arabic_ci_as
GO
~~START~~
varchar
Ù‡ 
~~END~~


SELECT substring(a, 4, 2) COLLATE ARABIC_CI_AS FROM babel_3658_substring_arabic_ci_as
GO
~~START~~
varchar
Ù‡ 
~~END~~


-- with table column of type varchar with collation arabic_prc_cs_as
SELECT substring(a, 4, 2) FROM babel_3658_substring_arabic_cs_as
GO
~~START~~
varchar
Ù‡ 
~~END~~


SELECT substring(a, 4, 2) COLLATE ARABIC_CS_AS FROM babel_3658_substring_arabic_cs_as
GO
~~START~~
varchar
Ù‡ 
~~END~~


-- with table column of type varchar with collation arabic_prc_ci_ai
SELECT substring(a, 4, 2) FROM babel_3658_substring_arabic_ci_ai
GO
~~START~~
varchar
Ù‡ 
~~END~~


SELECT substring(a, 4, 2) COLLATE ARABIC_CI_AI FROM babel_3658_substring_arabic_ci_ai
GO
~~START~~
varchar
Ù‡ 
~~END~~


-- input type nchar
DECLARE @inputString NCHAR(25) = N'abcðŸ™‚defghiðŸ™‚ðŸ™‚'
SELECT substring(@inputString, 4, 2)
GO
~~START~~
nvarchar
?d
~~END~~

DECLARE @inputString NCHAR(25) = N'abcðŸ™‚defghiðŸ™‚ðŸ™‚'
SELECT substring(@inputString, 0, 1)
GO
~~START~~
nvarchar

~~END~~

DECLARE @inputString NCHAR(25) = N'abcðŸ™‚defghiðŸ™‚ðŸ™‚'
SELECT substring(@inputString, 13, 1)
GO
~~START~~
nvarchar
 
~~END~~

DECLARE @inputString NCHAR(25) = N'abcðŸ™‚defghiðŸ™‚ðŸ™‚'
SELECT substring(@inputString, 2, -1)
GO
~~ERROR (Code: 33557097)~~

~~ERROR (Message: negative substring length not allowed)~~

DECLARE @inputString NCHAR(25) = N'abcðŸ™‚defghiðŸ™‚ðŸ™‚'
SELECT substring(@inputString, 2, 15)
GO
~~START~~
nvarchar
bc?defghi??    
~~END~~


DECLARE @inputString NCHAR(25) = N'æ¯”å°”Â·æ‹‰èŽ«æ–¯'
SELECT substring(@inputString, 4, 2)
GO
~~START~~
nvarchar
??
~~END~~

DECLARE @inputString NCHAR(25) = N'æ¯”å°”Â·æ‹‰èŽ«æ–¯'
SELECT substring(@inputString, 0, 1)
GO
~~START~~
nvarchar

~~END~~

DECLARE @inputString NCHAR(25) = N'æ¯”å°”Â·æ‹‰èŽ«æ–¯'
SELECT substring(@inputString, 13, 1)
GO
~~START~~
nvarchar
 
~~END~~

DECLARE @inputString NCHAR(25) = N'æ¯”å°”Â·æ‹‰èŽ«æ–¯'
SELECT substring(@inputString, 2, -1)
GO
~~ERROR (Code: 33557097)~~

~~ERROR (Message: negative substring length not allowed)~~

DECLARE @inputString NCHAR(25) = N'æ¯”å°”Â·æ‹‰èŽ«æ–¯'
SELECT substring(@inputString, 2, 15)
GO
~~START~~
nvarchar
?Â·???          
~~END~~


-- with table column of type nchar
SELECT substring(a, 4, 2) FROM babel_3658_substring_t1 
GO
~~START~~
nvarchar
ðŸ™‚d
æ‹‰èŽ«
~~END~~


-- input type nvarchar
DECLARE @inputString NVARCHAR(25) = N'abcðŸ™‚defghiðŸ™‚ðŸ™‚'
SELECT substring(@inputString, 4, 2)
GO
~~START~~
nvarchar
ðŸ™‚d
~~END~~

DECLARE @inputString NVARCHAR(25) = N'abcðŸ™‚defghiðŸ™‚ðŸ™‚'
SELECT substring(@inputString, 0, 1)
GO
~~START~~
nvarchar

~~END~~

DECLARE @inputString NVARCHAR(25) = N'abcðŸ™‚defghiðŸ™‚ðŸ™‚'
SELECT substring(@inputString, 13, 1)
GO
~~START~~
nvarchar

~~END~~

DECLARE @inputString NVARCHAR(25) = N'abcðŸ™‚defghiðŸ™‚ðŸ™‚'
SELECT substring(@inputString, 2, -1)
GO
~~ERROR (Code: 33557097)~~

~~ERROR (Message: negative substring length not allowed)~~

DECLARE @inputString NVARCHAR(25) = N'abcðŸ™‚defghiðŸ™‚ðŸ™‚'
SELECT substring(@inputString, 2, 15)
GO
~~START~~
nvarchar
bcðŸ™‚defghiðŸ™‚ðŸ™‚
~~END~~


DECLARE @inputString NVARCHAR(25) = N'æ¯”å°”Â·æ‹‰èŽ«æ–¯'
SELECT substring(@inputString, 4, 2)
GO
~~START~~
nvarchar
æ‹‰èŽ«
~~END~~

DECLARE @inputString NVARCHAR(25) = N'æ¯”å°”Â·æ‹‰èŽ«æ–¯'
SELECT substring(@inputString, 0, 1)
GO
~~START~~
nvarchar

~~END~~

DECLARE @inputString NVARCHAR(25) = N'æ¯”å°”Â·æ‹‰èŽ«æ–¯'
SELECT substring(@inputString, 13, 1)
GO
~~START~~
nvarchar

~~END~~

DECLARE @inputString NVARCHAR(25) = N'æ¯”å°”Â·æ‹‰èŽ«æ–¯'
SELECT substring(@inputString, 2, -1)
GO
~~ERROR (Code: 33557097)~~

~~ERROR (Message: negative substring length not allowed)~~

DECLARE @inputString NVARCHAR(25) = N'æ¯”å°”Â·æ‹‰èŽ«æ–¯'
SELECT substring(@inputString, 2, 15)
GO
~~START~~
nvarchar
å°”Â·æ‹‰èŽ«æ–¯
~~END~~


-- input type binary
DECLARE @inputString BINARY(10) = 0x6162636465666768
SELECT substring(@inputString, 4, 2)
GO
~~START~~
varbinary
6465
~~END~~

DECLARE @inputString BINARY(10) = 0x6162636465666768
SELECT substring(@inputString, 0, 1)
GO
~~START~~
varbinary

~~END~~

DECLARE @inputString BINARY(10) = 0x6162636465666768
SELECT substring(@inputString, 13, 1)
GO
~~START~~
varbinary

~~END~~

DECLARE @inputString BINARY(10) = 0x6162636465666768
SELECT substring(@inputString, 2, -1)
GO
~~ERROR (Code: 33557097)~~

~~ERROR (Message: negative substring length not allowed)~~

DECLARE @inputString BINARY(10) = 0x6162636465666768
SELECT substring(@inputString, 2, 15)
GO
~~START~~
varbinary
626364656667680000
~~END~~


-- input type varbinary
DECLARE @inputString VARBINARY(10) = 0x6162636465666768
SELECT substring(@inputString, 4, 2)
GO
~~START~~
varbinary
6465
~~END~~

DECLARE @inputString VARBINARY(10) = 0x6162636465666768
SELECT substring(@inputString, 0, 1)
GO
~~START~~
varbinary

~~END~~

DECLARE @inputString VARBINARY(10) = 0x6162636465666768
SELECT substring(@inputString, 13, 1)
GO
~~START~~
varbinary

~~END~~

DECLARE @inputString VARBINARY(10) = 0x6162636465666768
SELECT substring(@inputString, 2, -1)
GO
~~ERROR (Code: 33557097)~~

~~ERROR (Message: negative substring length not allowed)~~

DECLARE @inputString VARBINARY(10) = 0x6162636465666768
SELECT substring(@inputString, 2, 15)
GO
~~START~~
varbinary
62636465666768
~~END~~


SELECT substring(0x0a0b0c, 1,2), substring(0x0a0b0c,2,1)
GO
~~START~~
varbinary#!#varbinary
0A0B#!#0B
~~END~~


-- dependent objects
SELECT * FROM babel_3658_substring_dep_view
GO
~~START~~
nvarchar
ðŸ™‚
~~END~~


EXEC babel_3658_substring_dep_proc
GO
~~START~~
nvarchar
ðŸ™‚
~~END~~


SELECT * FROM babel_3658_substring_dep_func()
GO
~~START~~
nvarchar
ðŸ™‚
~~END~~


SELECT * FROM babel_3658_substring_itvf_func()
GO
~~START~~
nvarchar
ðŸ™‚
~~END~~


SELECT * FROM babel_3658_substring_dep_view_1
GO
~~START~~
nvarchar
ðŸ™‚
æ‹‰
~~END~~


SELECT * FROM babel_3658_substring_dep_view_2
GO
~~START~~
nvarchar
ðŸ™‚
~~END~~


SELECT * FROM babel_3658_substring_dep_view_3
GO
~~START~~
varchar
d
~~END~~


SELECT * FROM babel_3658_substring_dep_view_4
GO
~~START~~
varchar
d
~~END~~


SELECT * FROM babel_3658_substring_dep_view_5
GO
~~START~~
varbinary
62
~~END~~


SELECT * FROM babel_3658_substring_dep_view_6
GO
~~START~~
varchar
?
~~END~~


SELECT * FROM babel_3658_substring_dep_view_7
GO
~~START~~
nvarchar
ðŸ™‚
~~END~~


SELECT * FROM babel_3658_substring_dep_view_8
GO
~~START~~
varbinary
62
~~END~~


-- input type UDT
-- in table babel_3658_substring_UDT, col 'a' has basetype image and col 'b' has basetype varchar
SELECT substring(a, 4, 2) FROM babel_3658_substring_UDT
GO
~~START~~
varbinary
6465
~~END~~


SELECT substring(b, 4, 2) FROM babel_3658_substring_UDT
GO
~~START~~
varchar
de
~~END~~


-- Arguments with pg datatypes
SELECT substring(a, 3, 2) FROM dbo.babel_3658_substring_psql_t1
GO
~~START~~
varchar
cd
~~END~~


SELECT substring(a, 3, 2) FROM dbo.babel_3658_substring_psql_t2
GO
~~START~~
varchar
cd
~~END~~


SELECT substring(a, 3, 2) FROM dbo.babel_3658_substring_psql_t3
GO
~~START~~
varchar
cd
~~END~~


SELECT substring(a, 3, 2) FROM dbo.babel_3658_substring_psql_t4
GO
~~START~~
varchar
cd
~~END~~


SELECT substring(a, 3, 2) FROM dbo.babel_3658_substring_psql_t5
GO
~~START~~
varchar
cd
~~END~~


SELECT substring(a, 3, 2) FROM dbo.babel_3658_substring_psql_t6
GO
~~START~~
varchar
34
~~END~~


SELECT substring(a, 3, 2) FROM dbo.babel_3658_substring_psql_t7
GO
~~START~~
varchar
34
~~END~~


SELECT substring(a, 3, 2) FROM dbo.babel_3658_substring_psql_t8
GO
~~ERROR (Code: 206)~~

~~ERROR (Message: The function substring is found but cannot be used. Possibly due to datatype mismatch and implicit casting is not allowed.)~~


SELECT substring(a, 3, 2) FROM dbo.babel_3658_substring_psql_t9
GO
~~START~~
varbinary
6768
~~END~~


SELECT substring(a, 3, 2) FROM dbo.babel_3658_substring_psql_t10
GO
~~START~~
varchar
16
~~END~~


SELECT substring(a, 3, 2) FROM dbo.babel_3658_substring_psql_t11
GO
~~START~~
varchar
16
~~END~~


SELECT substring(a, 3, 2) FROM dbo.babel_3658_substring_psql_t12
GO
~~ERROR (Code: 206)~~

~~ERROR (Message: The function substring is found but cannot be used. Possibly due to datatype mismatch and implicit casting is not allowed.)~~


SELECT substring(a, 3, 2) FROM dbo.babel_3658_substring_psql_t13
GO
~~ERROR (Code: 33557097)~~

~~ERROR (Message: data type bit is not supported yet)~~


SELECT substring(a, 3, 2) FROM dbo.babel_3658_substring_psql_t14
GO
~~ERROR (Code: 33557097)~~

~~ERROR (Message: data type bit is not supported yet)~~


-- other different datatypes
DECLARE @inputString sysname = N'abcðŸ™‚defghiðŸ™‚ðŸ™‚'
SELECT substring(@inputString, 3, 5)
GO
~~START~~
varchar
c?def
~~END~~


DECLARE @inputString date = '2016-12-21';
SELECT substring(@inputString, 4, 1)
GO
~~START~~
varchar
6
~~END~~


DECLARE @date date = '12-21-16';  
DECLARE @inputString datetime = @date;
SELECT substring(@inputString, 4, 1)
GO
~~START~~
varchar
6
~~END~~


DECLARE @inputString smalldatetime = '1955-12-13 12:43:10';
SELECT substring(@inputString, 4, 1)
GO
~~START~~
varchar
5
~~END~~


DECLARE @inputString time(4) = '12:10:05.1237';
SELECT substring(@inputString, 4, 1)
GO
~~START~~
varchar
1
~~END~~


DECLARE @inputString datetimeoffset(4) = '1968-10-23 12:45:37.1234 +10:0';
SELECT substring(@inputString, 4, 1)
GO
~~START~~
varchar
8
~~END~~


DECLARE @inputString datetime2(4) = '1968-10-23 12:45:37.1237';
SELECT substring(@inputString, 4, 1)
GO
~~START~~
varchar
8
~~END~~


DECLARE @inputString decimal = 123456;
SELECT substring(@inputString, 4, 1)
GO
~~START~~
varchar
4
~~END~~


DECLARE @inputString numeric = 12345.12;
SELECT substring(@inputString, 4, 1)
GO
~~START~~
varchar
4
~~END~~


DECLARE @inputString float = 12345.1;
SELECT substring(@inputString, 4, 1)
GO
~~START~~
varchar
4
~~END~~


DECLARE @inputString real = 12345.1;
SELECT substring(@inputString, 4, 1)
GO
~~START~~
varchar
4
~~END~~


DECLARE @inputString bigint = 12345678;
SELECT substring(@inputString, 4, 1)
GO
~~START~~
varchar
4
~~END~~


DECLARE @inputString int = 12345678;
SELECT substring(@inputString, 4, 1)
GO
~~START~~
varchar
4
~~END~~


DECLARE @inputString smallint = 12356;
SELECT substring(@inputString, 4, 1)
GO
~~START~~
varchar
5
~~END~~


DECLARE @inputString tinyint = 235;
SELECT substring(@inputString, 4, 1)
GO
~~START~~
varchar

~~END~~


DECLARE @inputString money = 12356;
SELECT substring(@inputString, 4, 1)
GO
~~START~~
varchar
5
~~END~~


DECLARE @inputString smallmoney = 12356;
SELECT substring(@inputString, 4, 1)
GO
~~START~~
varchar
5
~~END~~


DECLARE @inputString bit = 1;
SELECT substring(@inputString, 4, 1)
GO
~~START~~
varchar

~~END~~


DECLARE @inputString uniqueidentifier = CAST ('6F9619FF-8B86-D011-B42D-00C04FC964FF' AS uniqueidentifier)
SELECT substring(@inputString, 4, 1)
GO
~~START~~
varchar
6
~~END~~


SELECT substring(a, 4, 2) from babel_3658_substring_image;
GO
~~START~~
varbinary
3631
~~END~~

SELECT substring(a, 0, 1) from babel_3658_substring_image;
GO
~~START~~
varbinary

~~END~~

SELECT substring(a, 13, 1) from babel_3658_substring_image;
GO
~~START~~
varbinary
36
~~END~~

SELECT substring(a, 2, -1) from babel_3658_substring_image;
GO
~~START~~
varbinary
~~ERROR (Code: 33557097)~~

~~ERROR (Message: negative substring length not allowed)~~

SELECT substring(a, 2, 15) from babel_3658_substring_image;
GO
~~START~~
varbinary
463936313946462D384238362D4430
~~END~~


-- input datatype text
SELECT substring(a, 4, 2) FROM babel_3658_substring_text
GO
~~START~~
varchar
?d
~~END~~

SELECT substring(a, 0, 1) from babel_3658_substring_text;
GO
~~START~~
varchar

~~END~~

SELECT substring(a, 13, 1) from babel_3658_substring_text;
GO
~~START~~
varchar

~~END~~

SELECT substring(a, 2, -1) from babel_3658_substring_text;
GO
~~START~~
varchar
~~ERROR (Code: 33557097)~~

~~ERROR (Message: negative substring length not allowed)~~

SELECT substring(a, 2, 15) from babel_3658_substring_text;
GO
~~START~~
varchar
bc?defghi??
~~END~~


-- input datatype ntext
SELECT substring(b, 4, 2) FROM babel_3658_substring_text
GO
~~START~~
nvarchar
ðŸ™‚d
~~END~~

SELECT substring(b, 0, 1) from babel_3658_substring_text;
GO
~~START~~
nvarchar

~~END~~

SELECT substring(b, 13, 1) from babel_3658_substring_text;
GO
~~START~~
nvarchar

~~END~~

SELECT substring(b, 2, -1) from babel_3658_substring_text;
GO
~~START~~
nvarchar
~~ERROR (Code: 33557097)~~

~~ERROR (Message: negative substring length not allowed)~~

SELECT substring(b, 2, 15) from babel_3658_substring_text;
GO
~~START~~
nvarchar
bcðŸ™‚defghiðŸ™‚ðŸ™‚
~~END~~


DECLARE @inputString sql_variant = CAST ('6F9619FF-8B86-D011-B42D-00C04FC964FF' AS sql_variant)
SELECT substring(@inputString, 4, 1)
GO
~~START~~
varchar
6
~~END~~


DECLARE @inputString xml = CAST ('<body><fruit/></body>' AS xml)
SELECT substring(@inputString, 4, 1)
GO
~~ERROR (Code: 206)~~

~~ERROR (Message: The function substring is found but cannot be used. Possibly due to datatype mismatch and implicit casting is not allowed.)~~


DECLARE @inputString geometry = geometry::STGeomFromText('POINT (1 2)', 0);
SELECT substring(@inputString, 4, 1)
GO
~~ERROR (Code: 206)~~

~~ERROR (Message: The function substring is found but cannot be used. Possibly due to datatype mismatch and implicit casting is not allowed.)~~


DECLARE @inputString geography = geography::STGeomFromText('POINT(-122.34900 47.65100)', 4326);
SELECT substring(@inputString, 4, 1)
GO
~~ERROR (Code: 206)~~

~~ERROR (Message: The function substring is found but cannot be used. Possibly due to datatype mismatch and implicit casting is not allowed.)~~


DECLARE @inputString sql_variant = CAST ('6F9619FF-8B86-D011-B42D-00C04FC964FF' AS sql_variant)
SELECT substring(CAST(@inputString AS VARCHAR(50)), 4, 1)
GO
~~START~~
varchar
6
~~END~~


DECLARE @inputString xml = CAST ('<body><fruit/></body>' AS xml)
SELECT substring(CAST(@inputString AS VARCHAR(50)), 4, 1)
GO
~~START~~
varchar
d
~~END~~


DECLARE @inputString geometry = geometry::STGeomFromText('POINT (1 2)', 0);
SELECT substring(CAST(@inputString AS VARCHAR(50)), 4, 1)
GO
~~START~~
varchar
N
~~END~~

