SELECT * FROM database_principals_dep_for_13_x_vu_prepare_view
GO
~~START~~
nvarchar#!#char#!#nvarchar#!#nvarchar#!#bit#!#int#!#nvarchar#!#bit
database_principals_dep_for_13_x_vu_prepare_user1#!#S#!#SQL_USER#!#dbo#!#0#!#-1#!#English#!#1
database_principals_dep_for_13_x_vu_prepare_user2#!#S#!#SQL_USER#!#dbo#!#0#!#-1#!#English#!#1
~~END~~


EXEC database_principals_dep_for_13_x_vu_prepare_proc
GO
~~START~~
varchar#!#char#!#nvarchar#!#varchar#!#bit#!#int#!#varchar#!#bit
database_principals_dep_for_13_x_vu_prepare_user1#!#S#!#SQL_USER#!#dbo#!#0#!#-1#!#English#!#1
database_principals_dep_for_13_x_vu_prepare_user2#!#S#!#SQL_USER#!#dbo#!#0#!#-1#!#English#!#1
~~END~~


SELECT database_principals_dep_for_13_x_vu_prepare_func()
GO
~~START~~
int
2
~~END~~


SELECT name FROM sys.database_principals
WHERE name LIKE '%database_principals_dep_for_13_x_vu_prepare_%'
ORDER BY name
GO
~~START~~
varchar
database_principals_dep_for_13_x_vu_prepare_user1
database_principals_dep_for_13_x_vu_prepare_user2
~~END~~


SELECT name, is_fixed_role FROM sys.database_principals
WHERE name IN ('dbo', 'db_owner')
ORDER BY name;
GO
~~START~~
varchar#!#bit
db_owner#!#1
dbo#!#0
~~END~~

