EXEC test_sp_helpdbfixedrole_proc
GO
~~START~~
varchar#!#nvarchar
db_owner#!#DB Owners
db_accessadmin#!#DB Access Administrators
db_datareader#!#DB Data Reader
db_datawriter#!#DB Data Writer
~~END~~


EXEC test_sp_helpdbfixedrole_proc 'db_owner'
GO
~~START~~
varchar#!#nvarchar
db_owner#!#DB Owners
~~END~~


SELECT dbo.test_sp_helpdbfixedrole_func()
GO
~~START~~
int
4
~~END~~


SELECT * FROM test_sp_helpdbfixedrole_view
GO
~~START~~
int
4
~~END~~


EXEC test_sp_helpdbfixedrole_proc 'DB_securityadmin'
GO
~~START~~
varchar#!#nvarchar
~~END~~


EXEC test_sp_helpdbfixedrole_proc 'error'
GO
~~ERROR (Code: 50000)~~

~~ERROR (Message: 'error' is not a known fixed role.)~~

