DROP TABLE dbo.babel_4837_translate_psql_t1
GO

DROP TABLE dbo.babel_4837_translate_psql_t2
GO

DROP TABLE dbo.babel_4837_translate_psql_t3
GO

DROP TABLE dbo.babel_4837_translate_psql_t4
GO

DROP TABLE dbo.babel_4837_translate_psql_t5
GO

DROP TABLE dbo.babel_4837_translate_psql_t6
GO

DROP TABLE dbo.babel_4837_translate_psql_t7
GO

DROP TABLE dbo.babel_4837_translate_psql_t8
GO

DROP TABLE dbo.babel_4837_translate_psql_t9
GO

DROP TABLE dbo.babel_4837_translate_psql_t10
GO

DROP TABLE dbo.babel_4837_translate_psql_t11
GO

DROP TABLE dbo.babel_4837_translate_psql_t12
GO

DROP TABLE dbo.babel_4837_translate_psql_t13
GO

DROP TABLE dbo.babel_4837_translate_psql_t14
GO

DROP FUNCTION babel_4837_translate_itvf_func
GO

DROP FUNCTION babel_4837_translate_dep_func
GO

DROP PROCEDURE babel_4837_translate_dep_proc
GO

DROP VIEW babel_4837_translate_dep_view
GO

DROP VIEW babel_4837_translate_dep_view1
GO

DROP TABLE babel_4837_translate_UDT
GO

DROP TYPE dbo.babel_4837_translate_varUDT
GO

DROP TYPE dbo.babel_4837_translate_imageUDT
GO

DROP TABLE babel_4837_translate_text
GO

DROP TABLE babel_4837_translate_image
GO

DROP TABLE babel_4837_translate_arabic_ci_ai
GO

DROP TABLE babel_4837_translate_arabic_cs_as
GO

DROP TABLE babel_4837_translate_arabic_ci_as
GO

DROP TABLE babel_4837_translate_chinese_prc_ci_ai
GO

DROP TABLE babel_4837_translate_chinese_prc_cs_as
GO

DROP TABLE babel_4837_translate_chinese_prc_ci_as
GO

DROP TABLE babel_4837_translate_t3
GO

DROP TABLE babel_4837_translate_t2
GO

DROP TABLE babel_4837_translate_t1
GO
