-- customer case, mentioned in the jira description
DECLARE @custname NVARCHAR(50) = N'æ¯”å°”Â·æ‹‰èŽ«æ–¯'
SELECT @custname, 
    TRIM(@custname) as [TRIM]
    , LTRIM(@custname) as [LTRIM]
    , RTRIM(@custname) as [RTRIM]
    , LEFT(@custname, 4) as [LEFT4]
    , RIGHT(@custname, 4) as [RIGHT4]
    , SUBSTRING(@custname, 2, 4) as [SUBSTRING_2_4]
;
GO
~~START~~
nvarchar#!#nvarchar#!#nvarchar#!#nvarchar#!#nvarchar#!#nvarchar#!#nvarchar
æ¯”å°”Â·æ‹‰èŽ«æ–¯#!#æ¯”å°”Â·æ‹‰èŽ«æ–¯#!#æ¯”å°”Â·æ‹‰èŽ«æ–¯#!#æ¯”å°”Â·æ‹‰èŽ«æ–¯#!#æ¯”å°”Â·æ‹‰#!#Â·æ‹‰èŽ«æ–¯#!#å°”Â·æ‹‰èŽ«
~~END~~


-- customer case
select trim(cast('rohit' as pg_catalog.char(5)))
go
~~START~~
varchar
rohit
~~END~~


select trim('it' from cast('rohit' as pg_catalog.char(5)))
go
~~START~~
varchar
roh
~~END~~


select top 5 trim(type) from sys.all_objects
go
~~START~~
varchar
U
U
U
U
U
~~END~~


select top 5 trim(' ' from type) from sys.all_objects
go
~~START~~
varchar
U
U
U
U
U
~~END~~


-- NULL
SELECT TRIM(NULL)
GO
~~START~~
varchar
<NULL>
~~END~~


SELECT TRIM(NULL FROM NULL)
GO
~~START~~
varchar
<NULL>
~~END~~


SELECT TRIM('' FROM NULL)
GO
~~START~~
varchar
<NULL>
~~END~~


SELECT TRIM(NULL FROM '')
GO
~~START~~
varchar
<NULL>
~~END~~


-- input type char
DECLARE @inputString CHAR(50) = '  abcðŸ™‚defghiðŸ™‚ðŸ™‚    '
SELECT '|' + TRIM(@inputString) + '|'
GO
~~START~~
varchar
|abc?defghi??|
~~END~~


DECLARE @inputString CHAR(50) = '  æ¯”å°”Â·æ‹‰èŽ«æ–¯    '
SELECT '|' + TRIM(@inputString) + '|'
GO
~~START~~
varchar
|æ¯”å°”Â·æ‹‰èŽ«æ–¯|
~~END~~


DECLARE @inputString CHAR(50) = '  æ¯”å°”Â·æ‹‰èŽ«æ–¯    '
SELECT '|' + TRIM(@inputString) COLLATE CHINESE_PRC_CI_AS + '|'
GO
~~START~~
varchar
|æ¯”å°”Â·æ‹‰èŽ«æ–¯|
~~END~~


DECLARE @inputString CHAR(50) = '  abcðŸ™‚defghiðŸ™‚ðŸ™‚    '
SELECT '|' + TRIM('ab? ' FROM @inputString) + '|'
GO
~~START~~
varchar
|c?defghi|
~~END~~


DECLARE @inputString CHAR(50) = '  abcðŸ™‚defghiðŸ™‚ðŸ™‚    '
SELECT '|' + TRIM('abðŸ™‚ ' FROM @inputString) + '|'
GO
~~START~~
varchar
|c?defghi??|
~~END~~


DECLARE @inputString CHAR(50) = '  abcðŸ™‚defghiðŸ™‚ðŸ™‚    '
SELECT '|' + TRIM('abðŸ˜Ž ' FROM @inputString) + '|'
GO
~~START~~
varchar
|c?defghi??|
~~END~~


DECLARE @inputString CHAR(50) = '  æ¯”å°”Â·æ‹‰èŽ«æ–¯    '
SELECT '|' + TRIM('æ¯”æ‹‰æ–¯ ' FROM @inputString) + '|'
GO
~~START~~
varchar
|å°”Â·æ‹‰èŽ«|
~~END~~


DECLARE @inputString CHAR(50) = '  æ¯”å°”Â·æ‹‰èŽ«æ–¯    '
SELECT '|' + TRIM('æ¯”æ‹‰æ–¯ ' FROM @inputString) COLLATE CHINESE_PRC_CI_AS + '|'
GO
~~START~~
varchar
|å°”Â·æ‹‰èŽ«|
~~END~~


DECLARE @inputString CHAR(50) = '  æ¯”å°”Â·æ‹‰èŽ«æ–¯    ', @charSet CHAR(10) = 'æ¯”æ‹‰æ–¯ '
SELECT '|' + TRIM(@charSet FROM @inputString) + '|'
GO
~~START~~
varchar
|å°”Â·æ‹‰èŽ«|
~~END~~


DECLARE @inputString CHAR(50) = '  æ¯”å°”Â·æ‹‰èŽ«æ–¯    ', @charSet CHAR(10) = 'æ¯”æ‹‰æ–¯ '
SELECT '|' + TRIM(@charSet FROM @inputString) COLLATE CHINESE_PRC_CI_AS + '|'
GO
~~START~~
varchar
|å°”Â·æ‹‰èŽ«|
~~END~~


-- input type varchar
DECLARE @inputString VARCHAR(50) = '  abcðŸ™‚defghiðŸ™‚ðŸ™‚    '
SELECT '|' + TRIM(@inputString) + '|'
GO
~~START~~
varchar
|abc?defghi??|
~~END~~


DECLARE @inputString VARCHAR(50) = '  æ¯”å°”Â·æ‹‰èŽ«æ–¯    '
SELECT '|' + TRIM(@inputString) + '|'
GO
~~START~~
varchar
|æ¯”å°”Â·æ‹‰èŽ«æ–¯|
~~END~~


DECLARE @inputString VARCHAR(50) = '  æ¯”å°”Â·æ‹‰èŽ«æ–¯    '
SELECT '|' + TRIM(@inputString) COLLATE CHINESE_PRC_CI_AS + '|'
GO
~~START~~
varchar
|æ¯”å°”Â·æ‹‰èŽ«æ–¯|
~~END~~


DECLARE @inputString VARCHAR(50) = '  abcðŸ™‚defghiðŸ™‚ðŸ™‚    '
SELECT '|' + TRIM('ab? ' FROM @inputString) + '|'
GO
~~START~~
varchar
|c?defghi??|
~~END~~


DECLARE @inputString VARCHAR(50) = '  abcðŸ™‚defghiðŸ™‚ðŸ™‚    '
SELECT '|' + TRIM('abðŸ™‚ ' FROM @inputString) + '|'
GO
~~START~~
varchar
|c?defghi|
~~END~~


DECLARE @inputString VARCHAR(50) = '  abcðŸ™‚defghiðŸ™‚ðŸ™‚    '
SELECT '|' + TRIM('abðŸ˜Ž ' FROM @inputString) + '|'
GO
~~START~~
varchar
|c?defghi??|
~~END~~


DECLARE @inputString VARCHAR(50) = '  æ¯”å°”Â·æ‹‰èŽ«æ–¯    '
SELECT '|' + TRIM('æ¯”æ‹‰æ–¯ ' FROM @inputString) + '|'
GO
~~START~~
varchar
|å°”Â·æ‹‰èŽ«|
~~END~~


DECLARE @inputString VARCHAR(50) = '  æ¯”å°”Â·æ‹‰èŽ«æ–¯    '
SELECT '|' + TRIM('æ¯”æ‹‰æ–¯ ' FROM @inputString) + '|'
GO
~~START~~
varchar
|å°”Â·æ‹‰èŽ«|
~~END~~


DECLARE @inputString VARCHAR(50) = '  æ¯”å°”Â·æ‹‰èŽ«æ–¯    '
SELECT '|' + TRIM('æ¯”æ‹‰æ–¯ ' FROM @inputString) COLLATE CHINESE_PRC_CI_AS + '|'
GO
~~START~~
varchar
|å°”Â·æ‹‰èŽ«|
~~END~~


DECLARE @inputString VARCHAR(50) = '  æ¯”å°”Â·æ‹‰èŽ«æ–¯    ', @charSet VARCHAR(10) = 'æ¯”æ‹‰æ–¯ '
SELECT '|' + TRIM(@charSet FROM @inputString) + '|'
GO
~~START~~
varchar
|å°”Â·æ‹‰èŽ«|
~~END~~


DECLARE @inputString VARCHAR(50) = '  æ¯”å°”Â·æ‹‰èŽ«æ–¯    ', @charSet VARCHAR(10) = 'æ¯”æ‹‰æ–¯ '
SELECT '|' + TRIM(@charSet FROM @inputString) COLLATE CHINESE_PRC_CI_AS + '|'
GO
~~START~~
varchar
|å°”Â·æ‹‰èŽ«|
~~END~~


DECLARE @inputString VARCHAR(50) = '  æ¯”å°”Â·æ‹‰èŽ«æ–¯    ', @charSet VARCHAR(MAX) = 'æ¯”æ‹‰æ–¯ '
SELECT '|' + TRIM(@charSet FROM @inputString) + '|'
GO
~~START~~
varchar
|å°”Â·æ‹‰èŽ«|
~~END~~


DECLARE @inputString VARCHAR(50) = '  æ¯”å°”Â·æ‹‰èŽ«æ–¯    ', @charSet VARCHAR(MAX) = 'æ¯”æ‹‰æ–¯ '
SELECT '|' + TRIM(@charSet FROM @inputString) COLLATE CHINESE_PRC_CI_AS + '|'
GO
~~START~~
varchar
|å°”Â·æ‹‰èŽ«|
~~END~~


-- with table column of type varchar with collation chinese_prc_ci_as
SELECT '|' + TRIM(b FROM a) + '|' FROM babel_4489_trim_chinese_prc_ci_as
GO
~~START~~
varchar
|å°”Â·æ‹‰èŽ«|
~~END~~


SELECT '|' + TRIM(b FROM a) COLLATE CHINESE_PRC_CI_AS + '|' FROM babel_4489_trim_chinese_prc_ci_as
GO
~~START~~
varchar
|å°”Â·æ‹‰èŽ«|
~~END~~


-- with table column of type varchar with collation chinese_prc_cs_as
SELECT '|' + TRIM(b FROM a) + '|' FROM babel_4489_trim_chinese_prc_cs_as
GO
~~START~~
varchar
|å°”Â·æ‹‰èŽ«|
~~END~~


SELECT '|' + TRIM(b FROM a) COLLATE CHINESE_PRC_CS_AS + '|' FROM babel_4489_trim_chinese_prc_cs_as
GO
~~START~~
varchar
|å°”Â·æ‹‰èŽ«|
~~END~~


-- with table column of type varchar with collation chinese_prc_ci_ai
SELECT '|' + TRIM(b FROM a) + '|' FROM babel_4489_trim_chinese_prc_ci_ai
GO
~~START~~
varchar
|å°”Â·æ‹‰èŽ«|
~~END~~


SELECT '|' + TRIM(b FROM a) COLLATE CHINESE_PRC_CI_AI + '|' FROM babel_4489_trim_chinese_prc_ci_ai
GO
~~START~~
varchar
|å°”Â·æ‹‰èŽ«|
~~END~~


-- with table column of type varchar with collation arabic_prc_ci_as
SELECT '|' + TRIM(b FROM a) + '|' FROM babel_4489_trim_arabic_ci_as
GO
~~START~~
varchar
|Ø§Ù„Ù„Ù‡ Ù…Ø¹ Ø§Ù„Ù…ØªÙ‚|
~~END~~


SELECT '|' + TRIM(b FROM a) COLLATE ARABIC_CI_AS + '|' FROM babel_4489_trim_arabic_ci_as
GO
~~START~~
varchar
|Ø§Ù„Ù„Ù‡ Ù…Ø¹ Ø§Ù„Ù…ØªÙ‚|
~~END~~


-- with table column of type varchar with collation arabic_prc_cs_as
SELECT '|' + TRIM(b FROM a) + '|' FROM babel_4489_trim_arabic_cs_as
GO
~~START~~
varchar
|Ø§Ù„Ù„Ù‡ Ù…Ø¹ Ø§Ù„Ù…ØªÙ‚|
~~END~~


SELECT '|' + TRIM(b FROM a) COLLATE ARABIC_CS_AS + '|' FROM babel_4489_trim_arabic_cs_as
GO
~~START~~
varchar
|Ø§Ù„Ù„Ù‡ Ù…Ø¹ Ø§Ù„Ù…ØªÙ‚|
~~END~~


-- with table column of type varchar with collation arabic_prc_ci_ai
SELECT '|' + TRIM(b FROM a) + '|' FROM babel_4489_trim_arabic_ci_ai
GO
~~START~~
varchar
|Ø§Ù„Ù„Ù‡ Ù…Ø¹ Ø§Ù„Ù…ØªÙ‚|
~~END~~


SELECT '|' + TRIM(b FROM a) COLLATE ARABIC_CI_AI + '|' FROM babel_4489_trim_arabic_ci_ai
GO
~~START~~
varchar
|Ø§Ù„Ù„Ù‡ Ù…Ø¹ Ø§Ù„Ù…ØªÙ‚|
~~END~~


-- input type nchar
DECLARE @inputString NCHAR(50) = N'  abcðŸ™‚defghiðŸ™‚ðŸ™‚    '
SELECT '|' + TRIM(@inputString) + '|'
GO
~~START~~
nvarchar
|abc?defghi??|
~~END~~


DECLARE @inputString NCHAR(50) = N'  æ¯”å°”Â·æ‹‰èŽ«æ–¯    '
SELECT '|' + TRIM(@inputString) + '|'
GO
~~START~~
nvarchar
|æ¯”å°”Â·æ‹‰èŽ«æ–¯|
~~END~~


DECLARE @inputString NCHAR(50) = N'  abðŸ˜ŽcðŸ™‚defghiðŸ™‚ðŸ™‚    '
SELECT '|' + TRIM('abðŸ™‚ðŸ˜Ž ' FROM @inputString) + '|'
GO
~~START~~
nvarchar
|?c?defghi??|
~~END~~


DECLARE @inputString NCHAR(50) = N'  æ¯”å°”Â·æ‹‰èŽ«æ–¯    '
SELECT '|' + TRIM('æ¯”æ‹‰æ–¯ ' FROM @inputString) + '|'
GO
~~START~~
nvarchar
|å°”Â·æ‹‰èŽ«|
~~END~~


DECLARE @inputString NCHAR(50) = N'  æ¯”å°”Â·æ‹‰èŽ«æ–¯    ', @charSet NCHAR(20) = N'æ¯”æ‹‰æ–¯ '
SELECT '|' + TRIM(@charSet FROM @inputString) + '|'
GO
~~START~~
nvarchar
|å°”Â·æ‹‰èŽ«|
~~END~~


-- with table column of type nchar
SELECT '|' + TRIM(b FROM a) + '|' FROM babel_4489_trim_t1 
GO
~~START~~
nvarchar
|cðŸ™‚defghi|
|å°”Â·æ‹‰èŽ«|
~~END~~


-- input type nvarchar
DECLARE @inputString NVARCHAR(50) = N'  abcðŸ™‚defghiðŸ™‚ðŸ™‚    '
SELECT '|' + TRIM(@inputString) + '|'
GO
~~START~~
nvarchar
|abcðŸ™‚defghiðŸ™‚ðŸ™‚|
~~END~~


DECLARE @inputString NVARCHAR(50) = N'  æ¯”å°”Â·æ‹‰èŽ«æ–¯    '
SELECT '|' + TRIM(@inputString) + '|'
GO
~~START~~
nvarchar
|æ¯”å°”Â·æ‹‰èŽ«æ–¯|
~~END~~


DECLARE @inputString NVARCHAR(50) = N'  abðŸ˜ŽcðŸ™‚defghiðŸ™‚ðŸ™‚    '
SELECT '|' + TRIM('abðŸ™‚ðŸ˜Ž ' FROM @inputString) + '|'
GO
~~START~~
nvarchar
|cðŸ™‚defghi|
~~END~~


DECLARE @inputString NVARCHAR(50) = N'  æ¯”å°”Â·æ‹‰èŽ«æ–¯    '
SELECT '|' + TRIM('æ¯”æ‹‰æ–¯ ' FROM @inputString) + '|'
GO
~~START~~
nvarchar
|å°”Â·æ‹‰èŽ«|
~~END~~


DECLARE @inputString NVARCHAR(50) = N'  æ¯”å°”Â·æ‹‰èŽ«æ–¯    ', @charSet NVARCHAR(20) = N'æ¯”æ‹‰æ–¯ '
SELECT '|' + TRIM(@charSet FROM @inputString) + '|'
GO
~~START~~
nvarchar
|å°”Â·æ‹‰èŽ«|
~~END~~

DECLARE @inputString NVARCHAR(50) = N'  æ¯”å°”Â·æ‹‰èŽ«æ–¯    ', @charSet NVARCHAR(MAX) = N'æ¯”æ‹‰æ–¯ '
SELECT '|' + TRIM(@charSet FROM @inputString) + '|'
GO
~~START~~
nvarchar
|å°”Â·æ‹‰èŽ«|
~~END~~


-- dependent objects
SELECT * FROM babel_4489_trim_dep_view
GO
~~START~~
nvarchar
|cðŸ™‚defghi|
~~END~~


EXEC babel_4489_trim_dep_proc
GO
~~START~~
nvarchar
|cðŸ™‚defghi|
~~END~~


SELECT * FROM babel_4489_trim_dep_func()
GO
~~START~~
nvarchar
|cðŸ™‚defghi|
~~END~~


SELECT * FROM babel_4489_trim_itvf_func()
GO
~~START~~
nvarchar
|cðŸ™‚defghi|
~~END~~


SELECT * FROM babel_4489_trim_dep_view_1
GO
~~START~~
nvarchar
|abcðŸ™‚defghiðŸ™‚ðŸ™‚|
|æ¯”å°”Â·æ‹‰èŽ«æ–¯|
~~END~~


SELECT * FROM babel_4489_trim_dep_view_2
GO
~~START~~
nvarchar
|abcðŸ™‚defghiðŸ™‚ðŸ™‚|
~~END~~


SELECT * FROM babel_4489_trim_dep_view_3
GO
~~START~~
varchar
|abcdefghi|
~~END~~


SELECT * FROM babel_4489_trim_dep_view_4
GO
~~START~~
varchar
|abcdefghi|
~~END~~


SELECT * FROM babel_4489_trim_dep_view_5
GO
~~START~~
varchar
|abcd|
~~END~~


SELECT * FROM babel_4489_trim_dep_view_6
GO
~~START~~
varchar
|cdefgh|
~~END~~


SELECT * FROM babel_4489_trim_dep_view_7
GO
~~START~~
varchar
|abc?defghi??|
~~END~~


SELECT * FROM babel_4489_trim_dep_view_8
GO
~~START~~
varchar
||
~~END~~


SELECT * FROM babel_4489_trim_dep_view_9
GO
~~START~~
varbinary
666768
~~END~~


-- different datatypes of inputString and charSet
DECLARE @inputString CHAR(50) = '  abcðŸ™‚defghiðŸ™‚ðŸ™‚    ', @charSet VARCHAR(20) = 'ab? '
SELECT '|' + TRIM(@charSet FROM @inputString) + '|'
GO
~~START~~
varchar
|c?defghi|
~~END~~


DECLARE @inputString CHAR(50) = '  abcðŸ™‚defghiðŸ™‚ðŸ™‚    ', @charSet VARCHAR(20) = 'abðŸ™‚ '
SELECT '|' + TRIM(@charSet FROM @inputString) + '|'
GO
~~START~~
varchar
|c?defghi??|
~~END~~


DECLARE @inputString CHAR(50) = '  abcðŸ™‚defghiðŸ™‚ðŸ™‚    ', @charSet VARCHAR(20) = 'abðŸ˜Ž '
SELECT '|' + TRIM(@charSet FROM @inputString) + '|'
GO
~~START~~
varchar
|c?defghi??|
~~END~~


DECLARE @inputString CHAR(50) = '  æ¯”å°”Â·æ‹‰èŽ«æ–¯    ', @charSet VARCHAR(20) = 'æ¯”æ‹‰æ–¯ '
SELECT '|' + TRIM(@charSet FROM @inputString) + '|'
GO
~~START~~
varchar
|å°”Â·æ‹‰èŽ«|
~~END~~


DECLARE @inputString CHAR(50) = '  abcðŸ™‚defghiðŸ™‚ðŸ™‚    ', @charSet NCHAR(20) = N'ab? '
SELECT '|' + TRIM(@charSet FROM @inputString) + '|'
GO
~~START~~
varchar
|c?defghi|
~~END~~


DECLARE @inputString CHAR(50) = '  abcðŸ™‚defghiðŸ™‚ðŸ™‚    ', @charSet NCHAR(20) = N'abðŸ™‚ '
SELECT '|' + TRIM(@charSet FROM @inputString) + '|'
GO
~~START~~
varchar
|c?defghi|
~~END~~


DECLARE @inputString CHAR(50) = '  abcðŸ™‚defghiðŸ™‚ðŸ™‚    ', @charSet NCHAR(20) = N'abðŸ˜Ž '
SELECT '|' + TRIM(@charSet FROM @inputString) + '|'
GO
~~START~~
varchar
|c?defghi|
~~END~~


DECLARE @inputString CHAR(50) = '  æ¯”å°”Â·æ‹‰èŽ«æ–¯    ', @charSet NCHAR(20) = N'æ¯”æ‹‰æ–¯ '
SELECT '|' + TRIM(@charSet FROM @inputString) + '|'
GO
~~START~~
varchar
|å°”Â·æ‹‰èŽ«|
~~END~~


DECLARE @inputString CHAR(50) = '  abcðŸ™‚defghiðŸ™‚ðŸ™‚    ', @charSet NVARCHAR(20) = N'ab? '
SELECT '|' + TRIM(@charSet FROM @inputString) + '|'
GO
~~START~~
varchar
|c?defghi|
~~END~~


DECLARE @inputString CHAR(50) = '  abcðŸ™‚defghiðŸ™‚ðŸ™‚    ', @charSet NVARCHAR(20) = N'abðŸ™‚ '
SELECT '|' + TRIM(@charSet FROM @inputString) + '|'
GO
~~START~~
varchar
|c?defghi??|
~~END~~


DECLARE @inputString CHAR(50) = '  abcðŸ™‚defghiðŸ™‚ðŸ™‚    ', @charSet NVARCHAR(20) = N'abðŸ˜Ž '
SELECT '|' + TRIM(@charSet FROM @inputString) + '|'
GO
~~START~~
varchar
|c?defghi??|
~~END~~


DECLARE @inputString CHAR(50) = '  æ¯”å°”Â·æ‹‰èŽ«æ–¯    ', @charSet NVARCHAR(20) = N'æ¯”æ‹‰æ–¯ '
SELECT '|' + TRIM(@charSet FROM @inputString) + '|'
GO
~~START~~
varchar
|å°”Â·æ‹‰èŽ«|
~~END~~


DECLARE @inputString VARCHAR(50) = '  abcðŸ™‚defghiðŸ™‚ðŸ™‚    ', @charSet CHAR(20) = 'ab? '
SELECT '|' + TRIM(@charSet FROM @inputString) + '|'
GO
~~START~~
varchar
|c?defghi??|
~~END~~


DECLARE @inputString VARCHAR(50) = '  abcðŸ™‚defghiðŸ™‚ðŸ™‚    ', @charSet CHAR(20) = 'abðŸ™‚ '
SELECT '|' + TRIM(@charSet FROM @inputString) + '|'
GO
~~START~~
varchar
|c?defghi??|
~~END~~


DECLARE @inputString VARCHAR(50) = '  abcðŸ™‚defghiðŸ™‚ðŸ™‚    ', @charSet CHAR(20) = 'abðŸ˜Ž '
SELECT '|' + TRIM(@charSet FROM @inputString) + '|'
GO
~~START~~
varchar
|c?defghi??|
~~END~~


DECLARE @inputString VARCHAR(50) = '  æ¯”å°”Â·æ‹‰èŽ«æ–¯    ', @charSet CHAR(20) = 'æ¯”æ‹‰æ–¯ '
SELECT '|' + TRIM(@charSet FROM @inputString) + '|'
GO
~~START~~
varchar
|å°”Â·æ‹‰èŽ«|
~~END~~


DECLARE @inputString VARCHAR(50) = '  abcðŸ™‚defghiðŸ™‚ðŸ™‚    ', @charSet NCHAR(20) = N'ab? '
SELECT '|' + TRIM(@charSet FROM @inputString) + '|'
GO
~~START~~
varchar
|c?defghi??|
~~END~~


DECLARE @inputString VARCHAR(50) = '  abcðŸ™‚defghiðŸ™‚ðŸ™‚    ', @charSet NCHAR(20) = N'abðŸ™‚ '
SELECT '|' + TRIM(@charSet FROM @inputString) + '|'
GO
~~START~~
varchar
|c?defghi??|
~~END~~


DECLARE @inputString VARCHAR(50) = '  abcðŸ™‚defghiðŸ™‚ðŸ™‚    ', @charSet NCHAR(20) = N'abðŸ˜Ž '
SELECT '|' + TRIM(@charSet FROM @inputString) + '|'
GO
~~START~~
varchar
|c?defghi??|
~~END~~


DECLARE @inputString VARCHAR(50) = '  æ¯”å°”Â·æ‹‰èŽ«æ–¯    ', @charSet NCHAR(20) = N'æ¯”æ‹‰æ–¯ '
SELECT '|' + TRIM(@charSet FROM @inputString) + '|'
GO
~~START~~
varchar
|å°”Â·æ‹‰èŽ«|
~~END~~


DECLARE @inputString VARCHAR(50) = '  abcðŸ™‚defghiðŸ™‚ðŸ™‚    ', @charSet NVARCHAR(20) = N'ab? '
SELECT '|' + TRIM(@charSet FROM @inputString) + '|'
GO
~~START~~
varchar
|c?defghi??|
~~END~~


DECLARE @inputString VARCHAR(50) = '  abcðŸ™‚defghiðŸ™‚ðŸ™‚    ', @charSet NVARCHAR(20) = N'abðŸ™‚ '
SELECT '|' + TRIM(@charSet FROM @inputString) + '|'
GO
~~START~~
varchar
|c?defghi|
~~END~~


DECLARE @inputString VARCHAR(50) = '  abcðŸ™‚defghiðŸ™‚ðŸ™‚    ', @charSet NVARCHAR(20) = N'abðŸ˜Ž '
SELECT '|' + TRIM(@charSet FROM @inputString) + '|'
GO
~~START~~
varchar
|c?defghi??|
~~END~~


DECLARE @inputString VARCHAR(50) = '  æ¯”å°”Â·æ‹‰èŽ«æ–¯    ', @charSet NVARCHAR(20) = N'æ¯”æ‹‰æ–¯ '
SELECT '|' + TRIM(@charSet FROM @inputString) + '|'
GO
~~START~~
varchar
|å°”Â·æ‹‰èŽ«|
~~END~~


DECLARE @inputString NCHAR(50) = N'  abcðŸ™‚defghiðŸ™‚ðŸ™‚    ', @charSet CHAR(20) = 'ab? '
SELECT '|' + TRIM(@charSet FROM @inputString) + '|'
GO
~~START~~
nvarchar
|c?defghi|
~~END~~


DECLARE @inputString NCHAR(50) = N'  abcðŸ™‚defghiðŸ™‚ðŸ™‚    ', @charSet CHAR(20) = 'abðŸ™‚ '
SELECT '|' + TRIM(@charSet FROM @inputString) + '|'
GO
~~START~~
nvarchar
|c?defghi|
~~END~~


DECLARE @inputString NCHAR(50) = N'  abcðŸ™‚defghiðŸ™‚ðŸ™‚    ', @charSet CHAR(20) = 'abðŸ˜Ž '
SELECT '|' + TRIM(@charSet FROM @inputString) + '|'
GO
~~START~~
nvarchar
|c?defghi|
~~END~~


DECLARE @inputString NCHAR(50) = N'  æ¯”å°”Â·æ‹‰èŽ«æ–¯    ', @charSet CHAR(20) = 'æ¯”æ‹‰æ–¯ '
SELECT '|' + TRIM(@charSet FROM @inputString) + '|'
GO
~~START~~
nvarchar
|å°”Â·æ‹‰èŽ«|
~~END~~


DECLARE @inputString NCHAR(50) = N'  abcðŸ™‚defghiðŸ™‚ðŸ™‚    ', @charSet VARCHAR(20) = 'ab? '
SELECT '|' + TRIM(@charSet FROM @inputString) + '|'
GO
~~START~~
nvarchar
|c?defghi|
~~END~~


DECLARE @inputString NCHAR(50) = N'  abcðŸ™‚defghiðŸ™‚ðŸ™‚    ', @charSet VARCHAR(20) = 'abðŸ™‚ '
SELECT '|' + TRIM(@charSet FROM @inputString) + '|'
GO
~~START~~
nvarchar
|c?defghi??|
~~END~~


DECLARE @inputString NCHAR(50) = N'  abcðŸ™‚defghiðŸ™‚ðŸ™‚    ', @charSet VARCHAR(20) = 'abðŸ˜Ž '
SELECT '|' + TRIM(@charSet FROM @inputString) + '|'
GO
~~START~~
nvarchar
|c?defghi??|
~~END~~


DECLARE @inputString NCHAR(50) = N'  æ¯”å°”Â·æ‹‰èŽ«æ–¯    ', @charSet VARCHAR(20) = 'æ¯”æ‹‰æ–¯ '
SELECT '|' + TRIM(@charSet FROM @inputString) + '|'
GO
~~START~~
nvarchar
|å°”Â·æ‹‰èŽ«|
~~END~~


DECLARE @inputString NCHAR(50) = N'  abcðŸ™‚defghiðŸ™‚ðŸ™‚    ', @charSet NVARCHAR(20) = N'abðŸ™‚ '
SELECT '|' + TRIM(@charSet FROM @inputString) + '|'
GO
~~START~~
nvarchar
|c?defghi??|
~~END~~


DECLARE @inputString NCHAR(50) = N'  abcðŸ™‚defghiðŸ™‚ðŸ™‚    ', @charSet NVARCHAR(20) = N'abðŸ˜Ž '
SELECT '|' + TRIM(@charSet FROM @inputString) + '|'
GO
~~START~~
nvarchar
|c?defghi??|
~~END~~


DECLARE @inputString NCHAR(50) = N'  æ¯”å°”Â·æ‹‰èŽ«æ–¯    ', @charSet NVARCHAR(20) = N'æ¯”æ‹‰æ–¯ '
SELECT '|' + TRIM(@charSet FROM @inputString) + '|'
GO
~~START~~
nvarchar
|å°”Â·æ‹‰èŽ«|
~~END~~


DECLARE @inputString NVARCHAR(50) = N'  abcðŸ™‚defghiðŸ™‚ðŸ™‚    ', @charSet CHAR(20) = 'ab? '
SELECT '|' + TRIM(@charSet FROM @inputString) + '|'
GO
~~START~~
nvarchar
|cðŸ™‚defghiðŸ™‚ðŸ™‚|
~~END~~


DECLARE @inputString NVARCHAR(50) = N'  abcðŸ™‚defghiðŸ™‚ðŸ™‚    ', @charSet CHAR(20) = 'abðŸ™‚ '
SELECT '|' + TRIM(@charSet FROM @inputString) + '|'
GO
~~START~~
nvarchar
|cðŸ™‚defghiðŸ™‚ðŸ™‚|
~~END~~


DECLARE @inputString NVARCHAR(50) = N'  abcðŸ™‚defghiðŸ™‚ðŸ™‚    ', @charSet CHAR(20) = 'abðŸ˜Ž '
SELECT '|' + TRIM(@charSet FROM @inputString) + '|'
GO
~~START~~
nvarchar
|cðŸ™‚defghiðŸ™‚ðŸ™‚|
~~END~~


DECLARE @inputString NVARCHAR(50) = N'  æ¯”å°”Â·æ‹‰èŽ«æ–¯    ', @charSet CHAR(20) = 'æ¯”æ‹‰æ–¯ '
SELECT '|' + TRIM(@charSet FROM @inputString) + '|'
GO
~~START~~
nvarchar
|å°”Â·æ‹‰èŽ«|
~~END~~


DECLARE @inputString NVARCHAR(50) = N'  abcðŸ™‚defghiðŸ™‚ðŸ™‚    ', @charSet VARCHAR(20) = 'ab? '
SELECT '|' + TRIM(@charSet FROM @inputString) + '|'
GO
~~START~~
nvarchar
|cðŸ™‚defghiðŸ™‚ðŸ™‚|
~~END~~


DECLARE @inputString NVARCHAR(50) = N'  abcðŸ™‚defghiðŸ™‚ðŸ™‚    ', @charSet VARCHAR(20) = 'abðŸ™‚ '
SELECT '|' + TRIM(@charSet FROM @inputString) + '|'
GO
~~START~~
nvarchar
|cðŸ™‚defghi|
~~END~~


DECLARE @inputString NVARCHAR(50) = N'  abcðŸ™‚defghiðŸ™‚ðŸ™‚    ', @charSet VARCHAR(20) = 'abðŸ˜Ž '
SELECT '|' + TRIM(@charSet FROM @inputString) + '|'
GO
~~START~~
nvarchar
|cðŸ™‚defghiðŸ™‚ðŸ™‚|
~~END~~


DECLARE @inputString NVARCHAR(50) = N'  æ¯”å°”Â·æ‹‰èŽ«æ–¯    ', @charSet VARCHAR(20) = 'æ¯”æ‹‰æ–¯ '
SELECT '|' + TRIM(@charSet FROM @inputString) + '|'
GO
~~START~~
nvarchar
|å°”Â·æ‹‰èŽ«|
~~END~~


DECLARE @inputString NVARCHAR(50) = N'  abcðŸ™‚defghiðŸ™‚ðŸ™‚    ', @charSet NCHAR(20) = N'abðŸ™‚ '
SELECT '|' + TRIM(@charSet FROM @inputString) + '|'
GO
~~START~~
nvarchar
|cðŸ™‚defghiðŸ™‚ðŸ™‚|
~~END~~


DECLARE @inputString NVARCHAR(50) = N'  abcðŸ™‚defghiðŸ™‚ðŸ™‚    ', @charSet NCHAR(20) = N'abðŸ˜Ž '
SELECT '|' + TRIM(@charSet FROM @inputString) + '|'
GO
~~START~~
nvarchar
|cðŸ™‚defghiðŸ™‚ðŸ™‚|
~~END~~


DECLARE @inputString NVARCHAR(50) = N'  æ¯”å°”Â·æ‹‰èŽ«æ–¯    ', @charSet NCHAR(20) = N'æ¯”æ‹‰æ–¯ '
SELECT '|' + TRIM(@charSet FROM @inputString) + '|'
GO
~~START~~
nvarchar
|å°”Â·æ‹‰èŽ«|
~~END~~


DECLARE @inputString NVARCHAR(50) = N'  ABCDEF    ', @charSet BINARY(4) = 0x414243
SELECT '|' + TRIM(@charSet FROM @inputString) + '|'
GO
~~START~~
nvarchar
|  ABCDEF    |
~~END~~


DECLARE @inputString VARBINARY(50) = 0x41424344, @charSet VARBINARY(2) = 0x4144
SELECT '|' + TRIM(@charSet FROM @inputString) + '|'
GO
~~START~~
varchar
|BC|
~~END~~


-- input type UDT
-- -- in table babel_4489_trim_UDT, col 'a' has basetype image and col 'b' has basetype varchar
SELECT TRIM(a) FROM babel_4489_trim_UDT
GO
~~START~~
varchar
abcdef
~~END~~


SELECT TRIM(b) FROM babel_4489_trim_UDT
GO
~~START~~
varchar
abcdef
~~END~~


DECLARE @charSet VARCHAR(10) = 'ab'
SELECT TRIM(@charSet FROM a) FROM babel_4489_trim_UDT
GO
~~START~~
varchar
cdef
~~END~~


DECLARE @charSet VARCHAR(10) = 'ab'
SELECT TRIM(@charSet FROM b) FROM babel_4489_trim_UDT
GO
~~START~~
varchar
cdef
~~END~~


-- Arguments with pg datatypes
SELECT TRIM(a) FROM dbo.babel_4489_trim_psql_t1
GO
~~START~~
varchar
abcdefghi
~~END~~


SELECT TRIM(b FROM a) FROM dbo.babel_4489_trim_psql_t1
GO
~~START~~
varchar
  abcdefgh
~~END~~


SELECT TRIM(a) FROM dbo.babel_4489_trim_psql_t2
GO
~~START~~
varchar
abcdefghi
~~END~~


SELECT TRIM(b FROM a) FROM dbo.babel_4489_trim_psql_t2
GO
~~START~~
varchar
  abcdefgh
~~END~~


SELECT TRIM(a) FROM dbo.babel_4489_trim_psql_t3
GO
~~START~~
varchar
abcdefghi
~~END~~


SELECT TRIM(b FROM a) FROM dbo.babel_4489_trim_psql_t3
GO
~~START~~
varchar
  abcdefgh
~~END~~


SELECT TRIM(a) FROM dbo.babel_4489_trim_psql_t4
GO
~~START~~
varchar
abcdefghi
~~END~~


SELECT TRIM(b FROM a) FROM dbo.babel_4489_trim_psql_t4
GO
~~START~~
varchar
cdefgh
~~END~~


SELECT TRIM(a) FROM dbo.babel_4489_trim_psql_t5
GO
~~START~~
varchar
abcdefghi
~~END~~


SELECT TRIM(b FROM a) FROM dbo.babel_4489_trim_psql_t5
GO
~~START~~
varchar
cdefgh
~~END~~


SELECT TRIM(a) FROM dbo.babel_4489_trim_psql_t6
GO
~~START~~
varchar
12345678
~~END~~


SELECT TRIM(b FROM a) FROM dbo.babel_4489_trim_psql_t6
GO
~~START~~
varchar
345678
~~END~~


SELECT TRIM(a) FROM dbo.babel_4489_trim_psql_t7
GO
~~START~~
varchar
12345678
~~END~~


SELECT TRIM(b FROM a) FROM dbo.babel_4489_trim_psql_t7
GO
~~START~~
varchar
345678
~~END~~


SELECT TRIM(a) FROM dbo.babel_4489_trim_psql_t8
GO
~~ERROR (Code: 206)~~

~~ERROR (Message: The function sys.trim is found but cannot be used. Possibly due to datatype mismatch and implicit casting is not allowed.)~~


SELECT TRIM(b FROM a) FROM dbo.babel_4489_trim_psql_t8
GO
~~ERROR (Code: 206)~~

~~ERROR (Message: The function sys.trim is found but cannot be used. Possibly due to datatype mismatch and implicit casting is not allowed.)~~


SELECT TRIM(a) FROM dbo.babel_4489_trim_psql_t9
GO
~~START~~
varchar
\x656667686970
~~END~~


SELECT TRIM(b FROM a) FROM dbo.babel_4489_trim_psql_t9
GO
~~START~~
varbinary
666768
~~END~~


SELECT TRIM(a) FROM dbo.babel_4489_trim_psql_t10
GO
~~START~~
varchar
2016-12-21 00:00:00
~~END~~


SELECT TRIM(b FROM a) FROM dbo.babel_4489_trim_psql_t10
GO
~~START~~
varchar

~~END~~


SELECT TRIM(a) FROM dbo.babel_4489_trim_psql_t11
GO
~~START~~
varchar
2016-12-21
~~END~~


SELECT TRIM(b FROM a) FROM dbo.babel_4489_trim_psql_t11
GO
~~START~~
varchar

~~END~~


SELECT TRIM(a) FROM dbo.babel_4489_trim_psql_t12
GO
~~ERROR (Code: 206)~~

~~ERROR (Message: The function sys.trim is found but cannot be used. Possibly due to datatype mismatch and implicit casting is not allowed.)~~


SELECT TRIM(b FROM a) FROM dbo.babel_4489_trim_psql_t12
GO
~~ERROR (Code: 206)~~

~~ERROR (Message: The function sys.trim is found but cannot be used. Possibly due to datatype mismatch and implicit casting is not allowed.)~~


SELECT TRIM(a) FROM dbo.babel_4489_trim_psql_t13
GO
~~ERROR (Code: 206)~~

~~ERROR (Message: The function sys.trim is found but cannot be used. Possibly due to datatype mismatch and implicit casting is not allowed.)~~


SELECT TRIM(b FROM a) FROM dbo.babel_4489_trim_psql_t13
GO
~~ERROR (Code: 206)~~

~~ERROR (Message: The function sys.trim is found but cannot be used. Possibly due to datatype mismatch and implicit casting is not allowed.)~~


SELECT TRIM(a) FROM dbo.babel_4489_trim_psql_t14
GO
~~ERROR (Code: 206)~~

~~ERROR (Message: The function sys.trim is found but cannot be used. Possibly due to datatype mismatch and implicit casting is not allowed.)~~


SELECT TRIM(b FROM a) FROM dbo.babel_4489_trim_psql_t15
GO
~~ERROR (Code: 33557097)~~

~~ERROR (Message: relation "master_dbo.babel_4489_trim_psql_t15" does not exist)~~


-- other different datatypes
DECLARE @inputString sysname = N'  abcðŸ™‚defghiðŸ™‚ðŸ™‚    '
SELECT TRIM(@inputString)
GO
~~START~~
varchar
abc?defghi??
~~END~~


DECLARE @inputString sysname = N'  abcðŸ™‚defghiðŸ™‚ðŸ™‚    ', @charSet sysname = N'abðŸ˜Ž '
SELECT TRIM(@charSet FROM @inputString)
GO
~~START~~
varchar
c?defghi??
~~END~~


DECLARE @inputString date = '2016-12-21'
SELECT TRIM(@inputString)
GO
~~START~~
varchar
2016-12-21
~~END~~


DECLARE @inputString date = '2016-12-21'
SELECT TRIM('12' FROM @inputString)
GO
~~START~~
varchar
016-12-
~~END~~


DECLARE @inputString date = '2016-12-21', @charSet VARCHAR(10) = '12';
SELECT TRIM(@charSet FROM @inputString)
GO
~~START~~
varchar
016-12-
~~END~~


DECLARE @inputString date = '2016-12-21'
SELECT TRIM(@inputString FROM @inputString)
GO
~~START~~
varchar

~~END~~


DECLARE @date date = '12-21-16';  
DECLARE @inputString datetime = @date;
SELECT TRIM(@inputString)
GO
~~START~~
varchar
2016-12-21 00:00:00
~~END~~


DECLARE @date date = '12-21-16';  
DECLARE @inputString datetime = @date, @charSet VARCHAR(10) = '12';
SELECT TRIM(@charSet FROM @inputString)
GO
~~START~~
varchar
016-12-21 00:00:00
~~END~~


DECLARE @date date = '12-21-16';  
DECLARE @inputString datetime = @date;
SELECT TRIM(@inputString FROM @inputString)
GO
~~START~~
varchar

~~END~~


DECLARE @inputString smalldatetime = '1955-12-13 12:43:10';
SELECT TRIM(@inputString)
GO
~~START~~
varchar
1955-12-13 12:43:00
~~END~~


DECLARE @inputString smalldatetime = '1955-12-13 12:43:10', @charSet VARCHAR(10) = '12';
SELECT TRIM(@charSet FROM @inputString)
GO
~~START~~
varchar
955-12-13 12:43:00
~~END~~


DECLARE @inputString smalldatetime = '1955-12-13 12:43:10';
SELECT TRIM(@inputString FROM @inputString)
GO
~~START~~
varchar

~~END~~


DECLARE @inputString time(4) = '12:10:05.1237';
SELECT TRIM(@inputString)
GO
~~START~~
varchar
12:10:05.1237
~~END~~


DECLARE @inputString time(4) = '12:10:05.1237', @charSet VARCHAR(10) = '10';
SELECT TRIM(@charSet FROM @inputString)
GO
~~START~~
varchar
2:10:05.1237
~~END~~


DECLARE @inputString time(4) = '12:10:05.1237';
SELECT TRIM(@inputString FROM @inputString)
GO
~~START~~
varchar

~~END~~


DECLARE @inputString datetimeoffset(4) = '1968-10-23 12:45:37.1234 +10:0';
SELECT TRIM(@inputString)
GO
~~START~~
varchar
1968-10-23 12:45:37.1234 +10:00
~~END~~


DECLARE @inputString datetimeoffset(4) = '1968-10-23 12:45:37.1234 +10:0', @charSet VARCHAR(10) = '23';
SELECT TRIM(@charSet FROM @inputString)
GO
~~START~~
varchar
1968-10-23 12:45:37.1234 +10:00
~~END~~


DECLARE @inputString datetimeoffset(4) = '1968-10-23 12:45:37.1234 +10:0';
SELECT TRIM(@inputString FROM @inputString)
GO
~~START~~
varchar

~~END~~


DECLARE @inputString datetime2(4) = '1968-10-23 12:45:37.1237';
SELECT TRIM(@inputString)
GO
~~START~~
varchar
1968-10-23 12:45:37.1237
~~END~~


DECLARE @inputString datetime2(4) = '1968-10-23 12:45:37.1237', @charSet VARCHAR(10) = '23';
SELECT TRIM(@charSet FROM @inputString)
GO
~~START~~
varchar
1968-10-23 12:45:37.1237
~~END~~


DECLARE @inputString datetime2(4) = '1968-10-23 12:45:37.1237';
SELECT TRIM(@inputString FROM @inputString)
GO
~~START~~
varchar

~~END~~


DECLARE @inputString decimal = 123456;
SELECT TRIM(@inputString)
GO
~~START~~
varchar
123456
~~END~~


DECLARE @inputString decimal = 123456, @charSet decimal = 12;
SELECT TRIM(@charSet FROM @inputString)
GO
~~START~~
varchar
3456
~~END~~


DECLARE @inputString numeric = 12345.12;
SELECT TRIM(@inputString)
GO
~~START~~
varchar
12345
~~END~~


DECLARE @inputString numeric = 12345.12, @charSet numeric = 12;
SELECT TRIM(@charSet FROM @inputString)
GO
~~START~~
varchar
345
~~END~~


DECLARE @inputString float = 12345.1;
SELECT TRIM(@inputString)
GO
~~START~~
varchar
12345.1
~~END~~


DECLARE @inputString float = 12345.1, @charSet float = 12;
SELECT TRIM(@charSet FROM @inputString)
GO
~~START~~
varchar
345.
~~END~~


DECLARE @inputString real = 12345.1;
SELECT TRIM(@inputString)
GO
~~START~~
varchar
12345.1
~~END~~


DECLARE @inputString real = 12345.1, @charSet real = 12;
SELECT TRIM(@charSet FROM @inputString)
GO
~~START~~
varchar
345.
~~END~~


DECLARE @inputString bigint = 12345678;
SELECT TRIM(@inputString)
GO
~~START~~
varchar
12345678
~~END~~


DECLARE @inputString bigint = 12345678, @charSet bigint = 12;
SELECT TRIM(@charSet FROM @inputString)
GO
~~START~~
varchar
345678
~~END~~


DECLARE @inputString int = 12345678;
SELECT TRIM(@inputString)
GO
~~START~~
varchar
12345678
~~END~~


DECLARE @inputString int = 12345678, @charSet int = 12;
SELECT TRIM(@charSet FROM @inputString)
GO
~~START~~
varchar
345678
~~END~~


DECLARE @inputString smallint = 12356;
SELECT TRIM(@inputString)
GO
~~START~~
varchar
12356
~~END~~


DECLARE @inputString smallint = 12356, @charSet smallint = 12;
SELECT TRIM(@charSet FROM @inputString)
GO
~~START~~
varchar
356
~~END~~


DECLARE @inputString tinyint = 235;
SELECT TRIM(@inputString)
GO
~~START~~
varchar
235
~~END~~


DECLARE @inputString tinyint = 235, @charSet tinyint = 12;
SELECT TRIM(@charSet FROM @inputString)
GO
~~START~~
varchar
35
~~END~~


DECLARE @inputString money = 12356;
SELECT TRIM(@inputString)
GO
~~START~~
varchar
12356.0000
~~END~~


DECLARE @inputString money = 12356, @charSet money = 12;
SELECT TRIM(@charSet FROM @inputString)
GO
~~START~~
varchar
356
~~END~~


DECLARE @inputString smallmoney = 12356;
SELECT TRIM(@inputString)
GO
~~START~~
varchar
12356.0000
~~END~~


DECLARE @inputString smallmoney = 12356, @charSet smallmoney = 12;
SELECT TRIM(@charSet FROM @inputString)
GO
~~START~~
varchar
356
~~END~~


DECLARE @inputString bit = 1;
SELECT TRIM(@inputString)
GO
~~START~~
varchar
1
~~END~~


DECLARE @inputString bit = 1, @charSet bit = 1;
SELECT TRIM(@charSet FROM @inputString)
GO
~~START~~
varchar

~~END~~


DECLARE @inputString UNIQUEIDENTIFIER = CAST ('6F9619FF-8B86-D011-B42D-00C04FC964FF' AS UNIQUEIDENTIFIER)
SELECT TRIM(@inputString)
GO
~~START~~
varchar
6F9619FF-8B86-D011-B42D-00C04FC964FF
~~END~~


DECLARE @inputString UNIQUEIDENTIFIER = CAST ('6F9619FF-8B86-D011-B42D-00C04FC964FF' AS UNIQUEIDENTIFIER)
DECLARE @charSet VARCHAR(10) = '6F';
SELECT TRIM(@charSet FROM @inputString)
GO
~~START~~
varchar
9619FF-8B86-D011-B42D-00C04FC964
~~END~~


DECLARE @inputString UNIQUEIDENTIFIER = CAST ('6F9619FF-8B86-D011-B42D-00C04FC964FF' AS UNIQUEIDENTIFIER)
DECLARE @charSet VARCHAR(10) = '6F';
SELECT TRIM(@inputString FROM @inputString)
GO
~~START~~
varchar

~~END~~


SELECT TRIM(a) FROM babel_4489_trim_image;
GO
~~START~~
varchar
6F9619FF-8B86-D011-B42D-00C04FC964FF
~~END~~


SELECT TRIM(a FROM a) FROM babel_4489_trim_image;
GO
~~START~~
varchar

~~END~~


DECLARE @charSet VARCHAR(10) = '6F';
SELECT TRIM(@charSet FROM a) from babel_4489_trim_image;
GO
~~START~~
varchar
9619FF-8B86-D011-B42D-00C04FC964
~~END~~


SELECT TRIM(a) FROM babel_4489_trim_text
GO
~~START~~
varchar
abc?defghi??
~~END~~


SELECT TRIM(b) FROM babel_4489_trim_text
GO
~~START~~
nvarchar
abcðŸ™‚defghiðŸ™‚ðŸ™‚
~~END~~


SELECT TRIM(a FROM b) FROM babel_4489_trim_text
GO
~~START~~
nvarchar

~~END~~

SELECT TRIM(b FROM a) FROM babel_4489_trim_text
GO
~~START~~
varchar

~~END~~


DECLARE @charSet VARCHAR(20) = 'ab? '
SELECT TRIM(@charSet FROM a) FROM babel_4489_trim_text
GO
~~START~~
varchar
c?defghi??
~~END~~


DECLARE @charSet VARCHAR(20) = 'ab? '
SELECT TRIM(@charSet FROM b) FROM babel_4489_trim_text
GO
~~START~~
nvarchar
cðŸ™‚defghiðŸ™‚ðŸ™‚
~~END~~


DECLARE @inputString sql_variant = CAST ('6F9619FF-8B86-D011-B42D-00C04FC964FF' AS sql_variant)
SELECT TRIM(@inputString)
GO
~~START~~
varchar
6F9619FF-8B86-D011-B42D-00C04FC964FF
~~END~~


DECLARE @inputString sql_variant = CAST ('6F9619FF-8B86-D011-B42D-00C04FC964FF' AS sql_variant)
DECLARE @charSet VARCHAR(10) = '6F';
SELECT TRIM(@charSet FROM @inputString)
GO
~~START~~
varchar
9619FF-8B86-D011-B42D-00C04FC964
~~END~~

DECLARE @inputString sql_variant = CAST ('6F9619FF-8B86-D011-B42D-00C04FC964FF' AS sql_variant)
DECLARE @charSet VARCHAR(10) = '6F';
SELECT TRIM(@inputString FROM @inputString)
GO
~~START~~
varchar

~~END~~


DECLARE @inputString xml = CAST ('<body><fruit/></body>' AS xml)
SELECT TRIM(@inputString)
GO
~~ERROR (Code: 206)~~

~~ERROR (Message: The function sys.trim is found but cannot be used. Possibly due to datatype mismatch and implicit casting is not allowed.)~~


DECLARE @inputString xml = CAST ('<body><fruit/></body>' AS xml)
DECLARE @charSet xml = CAST ('<fruit/>' AS xml);
SELECT TRIM(@charSet FROM @inputString)
GO
~~ERROR (Code: 206)~~

~~ERROR (Message: The function sys.trim is found but cannot be used. Possibly due to datatype mismatch and implicit casting is not allowed.)~~


DECLARE @inputString geometry = geometry::STGeomFromText('POINT (1 2)', 0);
SELECT TRIM(@inputString)
GO
~~ERROR (Code: 206)~~

~~ERROR (Message: The function sys.trim is found but cannot be used. Possibly due to datatype mismatch and implicit casting is not allowed.)~~

DECLARE @inputString geometry = geometry::STGeomFromText('POINT (1 2)', 0), @charSet VARCHAR(10) = '(1 2)';
SELECT TRIM(@charSet FROM @inputString)
GO
~~ERROR (Code: 206)~~

~~ERROR (Message: The function sys.trim is found but cannot be used. Possibly due to datatype mismatch and implicit casting is not allowed.)~~

DECLARE @inputString geometry = geometry::STGeomFromText('POINT (1 2)', 0), @charSet VARCHAR(10) = '(1 2)';
SELECT TRIM(@inputString FROM @inputString)
GO
~~ERROR (Code: 206)~~

~~ERROR (Message: The function sys.trim is found but cannot be used. Possibly due to datatype mismatch and implicit casting is not allowed.)~~


DECLARE @inputString geography = geography::STGeomFromText('POINT(-122.34900 47.65100)', 4326);
SELECT TRIM(@inputString)
GO
~~ERROR (Code: 206)~~

~~ERROR (Message: The function sys.trim is found but cannot be used. Possibly due to datatype mismatch and implicit casting is not allowed.)~~

DECLARE @inputString geography = geography::STGeomFromText('POINT(-122.34900 47.65100)', 4326), @charSet VARCHAR(10) = '2';
SELECT TRIM(@charSet FROM @inputString)
GO
~~ERROR (Code: 206)~~

~~ERROR (Message: The function sys.trim is found but cannot be used. Possibly due to datatype mismatch and implicit casting is not allowed.)~~

DECLARE @inputString geography = geography::STGeomFromText('POINT(-122.34900 47.65100)', 4326), @charSet VARCHAR(10) = '2';
SELECT TRIM(@inputString FROM @inputString)
GO
~~ERROR (Code: 206)~~

~~ERROR (Message: The function sys.trim is found but cannot be used. Possibly due to datatype mismatch and implicit casting is not allowed.)~~


DECLARE @inputString sql_variant = CAST ('6F9619FF-8B86-D011-B42D-00C04FC964FF' AS sql_variant)
SELECT TRIM(CAST(@inputString AS VARCHAR(50)))
GO
~~START~~
varchar
6F9619FF-8B86-D011-B42D-00C04FC964FF
~~END~~


DECLARE @inputString sql_variant = CAST ('6F9619FF-8B86-D011-B42D-00C04FC964FF' AS sql_variant)
DECLARE @charSet VARCHAR(10) = '6F';
SELECT TRIM(@charSet FROM CAST(@inputString AS VARCHAR(50)))
GO
~~START~~
varchar
9619FF-8B86-D011-B42D-00C04FC964
~~END~~


DECLARE @inputString xml = CAST ('<body><fruit/></body>' AS xml)
SELECT TRIM(CAST(@inputString AS VARCHAR(50)))
GO
~~START~~
varchar
<body><fruit/></body>
~~END~~


DECLARE @inputString xml = CAST ('<body><fruit/></body>' AS xml)
DECLARE @charSet xml = CAST ('<fruit/>' AS xml);
SELECT TRIM(CAST(@charSet AS VARCHAR) FROM CAST(@inputString AS VARCHAR(50)))
GO
~~START~~
varchar
body><fruit/></body
~~END~~


DECLARE @inputString geometry = geometry::STGeomFromText('POINT (1 2)', 0);
SELECT TRIM(CAST(@inputString AS VARCHAR(50)))
GO
~~START~~
varchar
POINT(1 2)
~~END~~


DECLARE @inputString geometry = geometry::STGeomFromText('POINT (1 2)', 0), @charSet VARCHAR(10) = '(1 2)';
SELECT TRIM(@charSet FROM CAST(@inputString AS VARCHAR(50)))
GO
~~START~~
varchar
POINT
~~END~~

