-- TEST CASE 1: creating a table and then calling hashbytes for nvarchar and varchar input
insert into TestHash values('value1', 'value1');
GO
~~ROW COUNT: 1~~


SELECT DATALENGTH( nvarchar_data) as nvarchar_data_datalength
        , LEN( nvarchar_data) AS nvarchar_data_len
        , DATALENGTH( varchar_data) as varchar_data_btyes_datalength
        , LEN( varchar_data) AS varchar_data_len
        , * 
from TestHash;
GO
~~START~~
int#!#int#!#int#!#int#!#nvarchar#!#varchar#!#varbinary#!#varbinary#!#varbinary#!#varbinary
6#!#6#!#6#!#6#!#value1#!#value1#!#BFF418C872BAFEE476F578F93BAD732F499B4193#!#BFF418C872BAFEE476F578F93BAD732F499B4193#!#8107759ABABCBFA34BCB02BC4309CAF6354982AB#!#8107759ABABCBFA34BCB02BC4309CAF6354982AB
~~END~~

-- TEST CASE 2: Casting nvarchar and varchar with different algorithms using Hashbytes
SELECT hashbytes( 'sha1', 'test string' ) as vary_string, hashbytes( 'sha1', N'test string' ) as unicode_string
GO
~~START~~
varbinary#!#varbinary
661295C9CBF9D6B2F6428414504A8DEED3020641#!#B4AA115AEBADD046850F18E1DF71A8BF254CD688
~~END~~


SELECT hashbytes( 'MD2', 'test string' ) as vary_string, hashbytes( 'MD2', N'test string' ) as unicode_string
GO
~~START~~
varbinary#!#varbinary
<NULL>#!#<NULL>
~~END~~


SELECT hashbytes( 'MD4', 'test string' ) as vary_string, hashbytes( 'MD4', N'test string' ) as unicode_string
GO
~~START~~
varbinary#!#varbinary
<NULL>#!#<NULL>
~~END~~


SELECT hashbytes( 'MD5', 'test string' ) as vary_string, hashbytes( 'MD5', N'test string' ) as unicode_string
GO
~~START~~
varbinary#!#varbinary
6F8DB599DE986FAB7A21625B7916589C#!#8EF34B0E4B64320AA590A0DDD043D0A8
~~END~~


SELECT hashbytes( 'SHA2_256', 'test string' ) as vary_string, hashbytes( 'SHA2_256', N'test string' ) as unicode_string
GO
~~START~~
varbinary#!#varbinary
D5579C46DFCC7F18207013E65B44E4CB4E2C2298F4AC457BA8F82743F31E930B#!#BDB5A12B473383674D31C9068D13896278CA7979CF99CDD592C64B3994FCB5CE
~~END~~


SELECT hashbytes( 'SHA2_512', 'test string' ) as vary_string, hashbytes( 'SHA2_512', N'test string' ) as unicode_string
GO
~~START~~
varbinary#!#varbinary
10E6D647AF44624442F388C2C14A787FF8B17E6165B83D767EC047768D8CBCB71A1A3226E7CC7816BC79C0427D94A9DA688C41A3992C7BF5E4D7CC3E0BE5DBAC#!#7740DCE2348B37BDBD313DC4577E5FA91687EB35EE3B39A4BDA39B70EA20C5FE7865289F1612946E7CD89458CE42C8AC5577FB716975FAD0F9C53F3A28B10885
~~END~~


SELECT hashbytes( 'SHA', 'test string' ) as vary_string, hashbytes( 'SHA', N'test string' ) as unicode_string
GO
~~START~~
varbinary#!#varbinary
661295C9CBF9D6B2F6428414504A8DEED3020641#!#B4AA115AEBADD046850F18E1DF71A8BF254CD688
~~END~~


SELECT hashbytes( 'sha1', 'test string')
GO
~~START~~
varbinary
661295C9CBF9D6B2F6428414504A8DEED3020641
~~END~~

--TEST CASE 3: testing hashbytes via casting a varchar to nvarchar 
SELECT hashbytes('sha1',cast('test string' as sys.nvarchar))
GO
~~START~~
varbinary
B4AA115AEBADD046850F18E1DF71A8BF254CD688
~~END~~



--TEST CASE 4: Casting function for nvarchar to varbinary
SELECT cast(N'test string' as varbinary);
GO
~~START~~
varbinary
7400650073007400200073007400720069006E006700
~~END~~


SELECT cast(cast(cast('ab' AS nvarchar(10)) as varbinary(2)) as nvarchar(2));
GO
~~START~~
nvarchar
a
~~END~~


-- Test Case 5: Empty strings and NULL values
SELECT HASHBYTES('SHA1', '') AS empty_varchar,
       HASHBYTES('SHA1', N'') AS empty_nvarchar,
       HASHBYTES('SHA1', NULL) AS null_input;
GO
~~START~~
varbinary#!#varbinary#!#varbinary
DA39A3EE5E6B4B0D3255BFEF95601890AFD80709#!#DA39A3EE5E6B4B0D3255BFEF95601890AFD80709#!#<NULL>
~~END~~


-- Test Case 6: Unicode characters
SELECT HASHBYTES('SHA1', N'„Åì„Çì„Å´„Å°„ÅØ') AS japanese,
       HASHBYTES('SHA1', N'–ó–¥—Ä–∞–≤—Å—Ç–≤—É–π—Ç–µ') AS russian,
       HASHBYTES('SHA1', N'üôÇüòäüòÄ') AS emojis;
GO
~~START~~
varbinary#!#varbinary#!#varbinary
468B7C156768A579085BBBD1630D2ED215D3A86C#!#EBFDE11B499DEA0130EE3DFCDC632ADEA0AD71F2#!#4D4A69489A61649C1330FB5B600191E00B76B6A0
~~END~~


-- Test Case 8: Different collations
SELECT HASHBYTES('SHA1', N'hello' COLLATE Latin1_General_CI_AS) AS ci_as,
       HASHBYTES('SHA1', N'hello' COLLATE Latin1_General_CS_AS) AS cs_as;
GO
~~START~~
varbinary#!#varbinary
B6D795FBD58CC7592D955A219374339A323801A9#!#B6D795FBD58CC7592D955A219374339A323801A9
~~END~~


-- Test Case 9: Combining varchar and nvarchar
SELECT HASHBYTES('SHA1', 'hello' + N'world') AS combined;
GO
~~START~~
varbinary
D981D4B037201043FFDCBD310FCDE36F44D9AAC5
~~END~~


-- Test Case 10: Roundtrip conversions
SELECT CAST(CAST(N'test' AS VARBINARY(8)) AS NVARCHAR(4)) AS nvarchar_roundtrip,
       CAST(CAST('test' AS VARBINARY(8)) AS VARCHAR(4)) AS varchar_roundtrip;
GO
~~START~~
nvarchar#!#varchar
test#!#test
~~END~~


-- Test Case 11: CAST and CONVERT between varchar, nvarchar, and varbinary
SELECT CAST(N'hello' AS VARBINARY(10)) AS nvarchar_to_varbinary,
       CAST('hello' AS VARBINARY(10)) AS varchar_to_varbinary,
       CONVERT(VARBINARY(10), N'hello') AS nvarchar_to_varbinary_convert,
       CONVERT(VARBINARY(10), 'hello') AS varchar_to_varbinary_convert;
GO
~~START~~
varbinary#!#varbinary#!#varbinary#!#varbinary
680065006C006C006F00#!#68656C6C6F#!#68656C6C6F#!#68656C6C6F
~~END~~


-- Test Case 12: Testing with special characters
SELECT HASHBYTES('SHA1', 'Hello, World!') AS varchar_special,
       HASHBYTES('SHA1', N'Hello, World!') AS nvarchar_special,
       HASHBYTES('SHA1', 'Hello' + CHAR(13) + CHAR(10) + 'World') AS varchar_newline,
       HASHBYTES('SHA1', N'Hello' + NCHAR(13) + NCHAR(10) + N'World') AS nvarchar_newline;
GO
~~START~~
varbinary#!#varbinary#!#varbinary#!#varbinary
0A0A9F2A6772942557AB5355D76AF442F8F65E01#!#1F725EE9D69965F6F755140E66089A041B5AACC2#!#62E451F6ED58D1FF234A05B8467C0CEB1D4B285F#!#C97EDD9DE05497798CBA896371C594DF87043753
~~END~~


-- Test Case 13: NVARCHAR -> VARBINARY -> VARCHAR -> NVARCHAR -> VARBINARY
SELECT CAST(
    CAST(
        CAST(
            CAST(N'Hello World' AS VARBINARY(100))
        AS VARCHAR(100))
    AS NVARCHAR(100))
AS VARBINARY(100)) AS four_casts;
GO
~~ERROR (Code: 33557097)~~

~~ERROR (Message: Failed to convert from data type varbinary to varchar, invalid byte sequence for encoding "SJIS": 0x00)~~


-- Test Case 14: VARCHAR -> NVARCHAR -> VARBINARY -> NVARCHAR -> VARCHAR
SELECT CAST(
    CAST(
        CAST(
            CAST('Test String' AS NVARCHAR(50))
        AS VARBINARY(50))
    AS NVARCHAR(50))
AS VARCHAR(50)) AS four_casts;
GO
~~START~~
varchar
Test String
~~END~~


-- Test Case 15: Implicit conversion from data type nvarchar to varbinary is not allowed.
DECLARE @a varbinary(10); SET @a = CAST(N'21' AS nvarchar(10)); SELECT @a
GO
~~ERROR (Code: 33557097)~~

~~ERROR (Message: Implicit conversion from data type nvarchar to varbinary is not allowed. Use the CONVERT function to run this query.)~~


-- Test Case 16: Casting with UDT on nvarchar -> varbinary, UDT on varbinary to nvarchar, UDT on nvarchar to UDT on varbinary
create type user_defined_nvarchar from nvarchar(50);
select cast(cast(N'test string' as user_defined_nvarchar) as varbinary)
GO
~~START~~
varbinary
7400650073007400200073007400720069006E006700
~~END~~


create type user_defined_varbinary from varbinary(50);
select cast(cast(0x7400650073007400200073007400720069006E006700 as user_defined_varbinary) as nvarchar)
GO
~~START~~
nvarchar
test string
~~END~~


select cast(cast(N'test string' as user_defined_nvarchar) as user_defined_varbinary)
go
~~START~~
varbinary
7400650073007400200073007400720069006E006700
~~END~~

-- Test Case 17: NVARCHAR-> BINARY
select cast(N'test string' as binary)
GO
~~START~~
binary
7400650073007400200073007400720069006E0067000000000000000000
~~END~~

-- Test Case 18: NVARCHAR-> User Defined varbinary
select cast(N'test string' as user_defined_varbinary)
GO
~~START~~
varbinary
7400650073007400200073007400720069006E006700
~~END~~

-- Test Case 19: User defined hashbytes function
create function dbo.hashbytes(@data sys.varchar)returns sys.varchar AS BEGIN    return "dummy hashbytes";END
GO
SELECT hashbytes( 'SHA', 'test string' ) as vary_string, hashbytes( 'SHA', N'test string' ) as unicode_string
GO
~~START~~
varbinary#!#varbinary
661295C9CBF9D6B2F6428414504A8DEED3020641#!#B4AA115AEBADD046850F18E1DF71A8BF254CD688
~~END~~

select hashbytes('abc')
GO
~~START~~
varchar
~~ERROR (Code: 33557097)~~

~~ERROR (Message: column "dummy hashbytes" does not exist)~~

drop function dbo.hashbytes
GO


-- Test 20: Calling the function, procedure, views from prepare scripts
-- Test CastNVarcharToVarbinary function
DECLARE @TestString NVARCHAR(100) = N'Test String';
DECLARE @BinaryResult VARBINARY(MAX);
SET @BinaryResult = dbo.CastNVarcharToVarbinary(@TestString);
select cast (@BinaryResult as nvarchar)
GO
~~START~~
nvarchar
Test String
~~END~~



-- Test CastVarbinaryToNVarchar function
DECLARE @TestBinary VARBINARY(100) = 0x54657374537472696E67; -- 'Test String' in ASCII
DECLARE @StringResult NVARCHAR(MAX);
SET @StringResult = dbo.CastVarbinaryToNVarchar(@TestBinary);
select cast (@StringResult as nvarchar)
GO
~~START~~
nvarchar
ÊïîÁë≥ÁëìÊ•≤ÊùÆ
~~END~~



-- Test CastDemoView
DECLARE @ViewResult TABLE (
    NVarcharToVarbinary VARBINARY(MAX),
    VarbinaryToNVarchar NVARCHAR(MAX)
);
INSERT INTO @ViewResult
SELECT * FROM dbo.CastDemoView;
go
~~ROW COUNT: 1~~


-- TEST CASE 21: Assigned Casting
DECLARE @NVarcharValue NVARCHAR(100) = N'Hello, World!';
DECLARE @AssignedVarbinary VARBINARY(100);
SET @AssignedVarbinary = CAST(@NVarcharValue AS VARBINARY(100));
select CAST(@AssignedVarbinary AS NVARCHAR(100));
GO
~~START~~
nvarchar
Hello, World!
~~END~~




--TEST CASE 22: Calling hashbytes via function, procedure, views
-- Test the HashMultipleTypes function
DECLARE @TestVarchar VARCHAR(10) = 'Test';
DECLARE @TestNVarchar NVARCHAR(10) = N'Test';
DECLARE @TestVarbinary VARBINARY(10) = 0x54657374; -- 'Test' in ASCII
SELECT * FROM dbo.HashMultipleTypes(@TestVarchar, @TestNVarchar, @TestVarbinary);
GO
~~START~~
varbinary#!#varbinary#!#varbinary
532EAABD9574880DBF76B9B8CC00832C20A6EC113D682299550D7A6E0F345E25#!#E6FA3CA87B1B641AB646D3B4933BBA8D0970763F030B6578A60ABDEAE7366247#!#532EAABD9574880DBF76B9B8CC00832C20A6EC113D682299550D7A6E0F345E25
~~END~~

-- Test the HashDemoView
SELECT * FROM dbo.HashDemoView;
GO
~~START~~
varbinary#!#varbinary#!#varbinary
185F8DB32271FE25F561A6FC938B2E264306EC304EDA518007D1764826381969#!#A07E4F7343246C82B26F32E56F85418D518D8B2F2DAE77F1D56FE7AF50DB97AF#!#185F8DB32271FE25F561A6FC938B2E264306EC304EDA518007D1764826381969
~~END~~


--TEST CASE 23: BINARY TO NVARCHAR
select cast(cast(N'test string' as binary) as nvarchar)
GO
~~START~~
nvarchar
test string
~~END~~

--TEST CASE 24: NVARCHAR TO BINARY with maxlen < length of actual string
select cast(0x610061006100610061006100610061006100 as nvarchar(5))
GO
~~START~~
nvarchar
aaaaa
~~END~~

select cast(0x8765 as nvarchar(1))
GO
~~START~~
nvarchar
Êñá
~~END~~




